Microsoft (R) Macro Assembler Version 12.00.30501.0	    11/30/16 11:58:19
Happy.asm						     Page 1 - 1


				; Happy.asm
				; By: Matt Schnider
				; A program for generating a moveable smiley face that can be used to draw simple graphics.
				; Bob Allen
				; CSC322
				; Fall 2016

				INCLUDE Irvine32.inc
			      C ; Include file for Irvine32.lib             (Irvine32.inc)
			      C 
			      C ;OPTION CASEMAP:NONE		; optional: make identifiers case-sensitive
			      C 
			      C INCLUDE SmallWin.inc		; MS-Windows prototypes, structures, and constants
			      C .NOLIST
			      C .LIST
			      C 
			      C INCLUDE VirtualKeys.inc
			      C ; VirtualKeys.inc
			      C .NOLIST
			      C .LIST
			      C 
			      C 
			      C .NOLIST
			      C .LIST
			      C 

 00000003			RCC Struct                    						;; Struct for keeping track of a BYTE, Row Col Char
 00000000  00			     Row       BYTE          0
 00000001  00			     Col       BYTE          0
 00000002  58			     Char      BYTE          'X'
				RCC ENDS

 00000000			.data

 00000000 0C 27 01		Happy         RCC  <12,39, 1>						;;Variable named Happy that uses the previously declared struct to organize the data.
 00000003 20			backC          BYTE      green*16					;;Variable for holding the background color
 00000004 01			foreC          BYTE      blue						;;Variable for holding the foreground color
 00000000			.code	
 00000000			main PROC
 00000000  66| 0F BE 05			movsx ax, foreC 						;;moves the background color, sign-bit extended, into the eax reg
	   00000004 R
 00000008  03 05 00000003 R	     add  eax, DWORD PTR backC						;;adds the foreground color to the eax reg
 0000000E  E8 00000000 E		call	SetTextColor						;;proc setTextColor is called to change the colors to the val in the eax
 00000013  E8 00000000 E		call 	Clrscr  						;;clear screen is called to display the new colors.
 00000018  BE 00000000		     mov esi,0
				     
 0000001D  E8 000001B2			call setHappy							;;Procedure call to draw the smiley face at the middle of the screen.
 00000022			L1:
 00000022  E8 00000000 E	     call readChar							;;User prompted to input a char to move Happy around.

 00000027  3D 00004800		     cmp eax,4800h							;;Result of readChar in the eax is compared to the possible key presses, if one is found, the 
 0000002C  75 07		       jne L2								;;appropriate action is performed via a procedure call. After a proc call, the program returns to
 0000002E  E8 0000023F		       call moveForward							;;L1 prompting the user to press another key. This continues until the user presses either 'q' or 'Q'.
 00000033  EB ED		       jmp L1								;;The program then terminates.
 00000035			L2:									;;Possible key presses:
 00000035  3D 00005000		     cmp eax, 5000h							;;			left arrow	- happy moves left
 0000003A  75 07		       jne L3								;;			right arrow	- happy moves right
 0000003C  E8 0000026F		       call moveBack							;;			down arrow	- happy moves down
 00000041  EB DF		       jmp L1								;;			up arrow	- happy moves up
 00000043			L3:									;;			'c' or 'C'	- screen is cleared and happy left at last location
 00000043  3D 00004B00		     cmp eax, 4B00h							;;			'r'		- happy changed to color red (lowercase g and b have same effect, but green and blue respec.
 00000048  75 07			jne L4								;;			'R'		- happy background color changed to red (uppercase g and be have same effect, but
 0000004A  E8 000001E0		       call moveLeft							;;										 produce green and blue respectively.
 0000004F  EB D1		       jmp L1								
 00000051			L4:
 00000051  3D 00004D00		     cmp eax, 4D00h
 00000056  75 07			jne L5
 00000058  E8 00000194		       call moveRight
 0000005D  EB C3		       jmp L1
 0000005F			L5:
 0000005F  3D 00001071		     cmp eax, 1071h
 00000064  75 06			jne L6    					
 00000066  0F 84 00000093		je LAST
 0000006C			L6:
 0000006C  3D 00001051		     cmp eax, 1051h
 00000071  75 06			jne L7					
 00000073  0F 84 00000086		je LAST
 00000079			L7:
 00000079  3D 00002E63		     cmp eax, 2E63h
 0000007E  75 07			jne L8
 00000080  E8 0000013A			call clearHappy
 00000085  EB 9B			jmp L1
 00000087  3D 00002E43		L8:  cmp eax, 2E43h
 0000008C  75 07			jne L9
 0000008E  E8 0000012C			call clearHappy
 00000093  EB 8D			jmp L1
 00000095  3D 00001372		L9:  cmp eax, 1372h
 0000009A  75 0A			jne L10
 0000009C  E8 000000FF			call redHappy
 000000A1  E9 FFFFFF7C			jmp L1
 000000A6  3D 00001352		L10: cmp eax, 1352h
 000000AB  75 0A			jne L11
 000000AD  E8 000000D4			call redBackground
 000000B2  E9 FFFFFF6B			jmp L1
 000000B7  3D 00002267		L11: cmp eax, 2267h
 000000BC  75 0A			jne L12
 000000BE  E8 000000A4			call greenHappy
 000000C3  E9 FFFFFF5A			jmp L1
 000000C8  3D 00002247		L12: cmp eax, 2247h
 000000CD  75 0A			jne L13
 000000CF  E8 00000079			call greenBackground
 000000D4  E9 FFFFFF49			jmp L1
 000000D9  3D 00003062		L13: cmp eax, 3062h
 000000DE  75 0A			jne L14
 000000E0  E8 00000049			call blueHappy
 000000E5  E9 FFFFFF38			jmp L1
 000000EA  3D 00003042		L14: cmp eax, 3042h
 000000EF  0F 85 FFFFFF2D	     jne L1
 000000F5  E8 0000001A			call blueBackground
 000000FA  E9 FFFFFF23			jmp L1
					
 000000FF			LAST:
 000000FF  E8 00000000 E		call clrscr
 00000104  B2 00			mov dl, 0
 00000106  B6 00			mov dh, 0
 00000108  E8 00000000 E		call gotoxy
					exit
 0000010D  6A 00	   *	    push   +000000000h
 0000010F  E8 00000000 E   *	    call   ExitProcess
 00000114			main ENDP

 00000114			blueBackground PROC							;; Procedure for changing the background color of happy. The new color is moved into the mem location backC.
													;; backC and foreC are then moved into the eax and call setTextColor is called to change the colors to the
 00000114  C6 05 00000003 R		mov backC, blue*16						;; new value. This is the logic for all background procs
	   10
 0000011B  0F BE 05		     movsx eax, foreC
	   00000004 R
 00000122  03 05 00000003 R	     add eax, DWORD PTR backC
 00000128  E8 00000000 E		call SetTextColor
					
 0000012D  C3			  RET
 0000012E			blueBackground ENDP
 0000012E			blueHappy PROC								;; Procedure for changing the color of happy. The new color is moved into the mem location foreC.
 0000012E  C6 05 00000004 R		mov foreC,blue							;; The foreC and backC colors are moved into the eax reg and setTextColor is called to change the colors to the
	   01
 00000135  0F BE 05		     movsx eax, foreC							;; new value. This is the logic for all happy color changes.
	   00000004 R
 0000013C  03 05 00000003 R	     add eax, DWORD PTR backC
 00000142  E8 00000000 E		call SetTextColor

 00000147  E8 00000088			call setHappy
 0000014C  C3			 RET
 0000014D			blueHappy ENDP
 0000014D			greenBackground PROC
 0000014D  C6 05 00000003 R		mov backC, green*16
	   20
 00000154  0F BE 05		     movsx eax, foreC
	   00000004 R
 0000015B  03 05 00000003 R	     add eax, DWORD PTR backC
 00000161  E8 00000000 E		call SetTextColor
					
					
 00000166  C3			  RET
 00000167			greenBackground ENDP
 00000167			greenHappy PROC
 00000167  C6 05 00000004 R	mov foreC, green
	   02
 0000016E  0F BE 05		     movsx eax, foreC
	   00000004 R
 00000175  03 05 00000003 R	     add eax, DWORD PTR backC
 0000017B  E8 00000000 E		call SetTextColor
 00000180  E8 0000004F			call setHappy
 00000185  C3			 RET
 00000186			greenHappy ENDP
 00000186			redBackground PROC
 00000186  C6 05 00000003 R		mov backC, red*16
	   40
 0000018D  0F BE 05		     movsx eax, foreC
	   00000004 R
 00000194  03 05 00000003 R	     add eax, DWORD PTR backC
 0000019A  E8 00000000 E		call SetTextColor
					
 0000019F  C3			  RET
 000001A0			redBackground ENDP
 000001A0			redHappy PROC
 000001A0  C6 05 00000004 R		mov foreC,red
	   04
 000001A7  0F BE 05		     movsx eax, foreC
	   00000004 R
 000001AE  03 05 00000003 R	     add eax, DWORD PTR backC
 000001B4  E8 00000000 E		call SetTextColor
 000001B9  E8 00000016			call setHappy
 000001BE  C3			  RET
 000001BF			redHappy ENDP
 000001BF			clearHappy Proc
 000001BF  B8 00000021			mov eax, blue + (green*16)
 000001C4  E8 00000000 E		call setTextColor
 000001C9  E8 00000000 E		call clrscr
 000001CE  E8 00000001			call setHappy
 000001D3  C3			  RET
 000001D4			clearHappy ENDP
 000001D4			setHappy PROC									;; Procedure that moves happy to the values stored x-y values currently held in memory, referenced using the
 000001D4  8A B6 00000000 R		mov dh, Happy[esi].row							;; struct. The row and col vals are moved into the dh and dl regs, respectively and the gotoxy proc is called.
 000001DA  8A 96 00000001 R		mov dl, Happy[esi].col							;; Lastly, the smiley char is written.
 000001E0  E8 00000000 E		call Gotoxy

 000001E5  8A 86 00000002 R		mov al,Happy[esi].char
 000001EB  E8 00000000 E		call WriteChar

 000001F0  C3			  RET
 000001F1			setHappy ENDP
 000001F1			moveRight PROC									;; Procedure that moves happy right. The current col val is compared to the right-most col value of the default window
				     										;; size (79). If it's less than 79, a space is overwritten at happy's current location and happy is redrawn one col
 000001F1  80 BE 00000001 R	     cmp Happy[esi].col,79							;; right of where he was before the proc. If he is at the edge of the window, the proc does nothing.
	   4F
 000001F8  74 34		     je noMore									;; This is the logic for all move procs, with the exception of the value compared to determine if happy is at the edge of
 000001FA  B0 20		     mov al, ' '								;; the window. i.e. move down requires that the row val be less than 24, the last row of the default window.
 000001FC  8A 96 00000001 R	     mov dl, Happy[esi].col
 00000202  8A B6 00000000 R	     mov dh, Happy[esi].row
 00000208  E8 00000000 E	     call gotoxy
 0000020D  E8 00000000 E	     call WriteChar
 00000212  FE 05 00000001 R	     inc Happy.col
 00000218  8A 96 00000001 R	     mov dl, Happy[esi].col
 0000021E  E8 00000000 E	     call gotoxy
 00000223  8A 86 00000002 R	     mov al, Happy[esi].char
 00000229  E8 00000000 E	     call writeChar
 0000022E			noMore:
 0000022E  C3			RET
 0000022F			moveRight ENDP
 0000022F			moveLeft PROC
				   
 0000022F  80 BE 00000001 R	     cmp Happy[esi].col,0
	   00
 00000236  74 39		     je noMore
 00000238  E8 00000000 E	     call gotoxy
 0000023D  B0 20		      mov al, ' '
 0000023F  8A 96 00000001 R	     mov dl, Happy[esi].col
 00000245  8A B6 00000000 R	     mov dh, Happy[esi].row
 0000024B  E8 00000000 E	     call gotoxy
 00000250  E8 00000000 E	     call WriteChar
 00000255  FE 0D 00000001 R	     dec Happy.col
 0000025B  8A 96 00000001 R	     mov dl, Happy[esi].col
 00000261  E8 00000000 E	     call gotoxy
 00000266  8A 86 00000002 R	     mov al, Happy[esi].char
 0000026C  E8 00000000 E	     call writeChar
 00000271			noMore:
 00000271  C3			RET
 00000272			moveLeft ENDP
 00000272			moveForward PROC
				     
 00000272  80 BE 00000000 R	     cmp Happy[esi].row,0
	   00
 00000279  74 34		     je noMore
 0000027B  B0 20		     mov al, ' '
 0000027D  8A 96 00000001 R	     mov dl, Happy[esi].col
 00000283  8A B6 00000000 R	     mov dh, Happy[esi].row
 00000289  E8 00000000 E	     call gotoxy
 0000028E  E8 00000000 E	     call WriteChar
 00000293  FE 0D 00000000 R	     dec Happy.row
 00000299  8A B6 00000000 R	     mov dh, Happy[esi].row
 0000029F  E8 00000000 E	     call gotoxy
 000002A4  8A 86 00000002 R	     mov al, Happy[esi].char
 000002AA  E8 00000000 E	     call writeChar
 000002AF			noMore:
 000002AF  C3			RET
 000002B0			moveForward ENDP
 000002B0			moveBack PROC
				     
 000002B0  80 BE 00000000 R	     cmp Happy[esi].row,24
	   18
 000002B7  74 34		     je noMore
 000002B9  B0 20		     mov al, ' '
 000002BB  8A 96 00000001 R	     mov dl, Happy[esi].col
 000002C1  8A B6 00000000 R	     mov dh, Happy[esi].row
 000002C7  E8 00000000 E	     call gotoxy
 000002CC  E8 00000000 E	     call WriteChar
 000002D1  FE 05 00000000 R	     inc Happy.row
 000002D7  8A B6 00000000 R	     mov dh, Happy[esi].row
 000002DD  E8 00000000 E	     call gotoxy
 000002E2  8A 86 00000002 R	     mov al, Happy[esi].char
 000002E8  E8 00000000 E	     call writeChar
 000002ED			noMore:
 000002ED  C3			RET
 000002EE			moveBack ENDP
				END main
Microsoft (R) Macro Assembler Version 12.00.30501.0	    11/30/16 11:58:19
Happy.asm						     Symbols 2 - 1




Structures and Unions:

                N a m e                  Size
                                         Offset      Type

CONSOLE_CURSOR_INFO  . . . . . .	 00000008
  dwSize . . . . . . . . . . . .	 00000000	 DWord
  bVisible . . . . . . . . . . .	 00000004	 DWord
CONSOLE_SCREEN_BUFFER_INFO . . .	 00000016
  dwSize . . . . . . . . . . . .	 00000000	 DWord
  dwCursorPosition . . . . . . .	 00000004	 DWord
  wAttributes  . . . . . . . . .	 00000008	 Word
  srWindow . . . . . . . . . . .	 0000000A	 QWord
  dwMaximumWindowSize  . . . . .	 00000012	 DWord
COORD  . . . . . . . . . . . . .	 00000004
  X  . . . . . . . . . . . . . .	 00000000	 Word
  Y  . . . . . . . . . . . . . .	 00000002	 Word
FILETIME . . . . . . . . . . . .	 00000008
  loDateTime . . . . . . . . . .	 00000000	 DWord
  hiDateTime . . . . . . . . . .	 00000004	 DWord
FOCUS_EVENT_RECORD . . . . . . .	 00000004
  bSetFocus  . . . . . . . . . .	 00000000	 DWord
FPU_ENVIRON  . . . . . . . . . .	 0000001C
  controlWord  . . . . . . . . .	 00000000	 Word
  statusWord . . . . . . . . . .	 00000004	 Word
  tagWord  . . . . . . . . . . .	 00000008	 Word
  instrPointerOffset . . . . . .	 0000000C	 DWord
  instrPointerSelector . . . . .	 00000010	 DWord
  operandPointerOffset . . . . .	 00000014	 DWord
  operandPointerSelector . . . .	 00000018	 Word
INPUT_RECORD . . . . . . . . . .	 00000014
  EventType  . . . . . . . . . .	 00000000	 Word
  Event  . . . . . . . . . . . .	 00000004	 XmmWord
  bKeyDown . . . . . . . . . . .	 00000000	 DWord
  wRepeatCount . . . . . . . . .	 00000004	 Word
  wVirtualKeyCode  . . . . . . .	 00000006	 Word
  wVirtualScanCode . . . . . . .	 00000008	 Word
  uChar  . . . . . . . . . . . .	 0000000A	 Word
  UnicodeChar  . . . . . . . . .	 00000000	 Word
  AsciiChar  . . . . . . . . . .	 00000000	 Byte
  dwControlKeyState  . . . . . .	 0000000C	 DWord
  dwMousePosition  . . . . . . .	 00000000	 DWord
  dwButtonState  . . . . . . . .	 00000004	 DWord
  dwMouseControlKeyState . . . .	 00000008	 DWord
  dwEventFlags . . . . . . . . .	 0000000C	 DWord
  dwSize . . . . . . . . . . . .	 00000000	 DWord
  dwCommandId  . . . . . . . . .	 00000000	 DWord
  bSetFocus  . . . . . . . . . .	 00000000	 DWord
KEY_EVENT_RECORD . . . . . . . .	 00000010
  bKeyDown . . . . . . . . . . .	 00000000	 DWord
  wRepeatCount . . . . . . . . .	 00000004	 Word
  wVirtualKeyCode  . . . . . . .	 00000006	 Word
  wVirtualScanCode . . . . . . .	 00000008	 Word
  uChar  . . . . . . . . . . . .	 0000000A	 Word
  UnicodeChar  . . . . . . . . .	 00000000	 Word
  AsciiChar  . . . . . . . . . .	 00000000	 Byte
  dwControlKeyState  . . . . . .	 0000000C	 DWord
MENU_EVENT_RECORD  . . . . . . .	 00000004
  dwCommandId  . . . . . . . . .	 00000000	 DWord
MOUSE_EVENT_RECORD . . . . . . .	 00000010
  dwMousePosition  . . . . . . .	 00000000	 DWord
  dwButtonState  . . . . . . . .	 00000004	 DWord
  dwMouseControlKeyState . . . .	 00000008	 DWord
  dwEventFlags . . . . . . . . .	 0000000C	 DWord
RCC  . . . . . . . . . . . . . .	 00000003
  Row  . . . . . . . . . . . . .	 00000000	 Byte
  Col  . . . . . . . . . . . . .	 00000001	 Byte
  Char . . . . . . . . . . . . .	 00000002	 Byte
SMALL_RECT . . . . . . . . . . .	 00000008
  Left . . . . . . . . . . . . .	 00000000	 Word
  Top  . . . . . . . . . . . . .	 00000002	 Word
  Right  . . . . . . . . . . . .	 00000004	 Word
  Bottom . . . . . . . . . . . .	 00000006	 Word
SYSTEMTIME . . . . . . . . . . .	 00000010
  wYear  . . . . . . . . . . . .	 00000000	 Word
  wMonth . . . . . . . . . . . .	 00000002	 Word
  wDayOfWeek . . . . . . . . . .	 00000004	 Word
  wDay . . . . . . . . . . . . .	 00000006	 Word
  wHour  . . . . . . . . . . . .	 00000008	 Word
  wMinute  . . . . . . . . . . .	 0000000A	 Word
  wSecond  . . . . . . . . . . .	 0000000C	 Word
  wMilliseconds  . . . . . . . .	 0000000E	 Word
WINDOW_BUFFER_SIZE_RECORD  . . .	 00000004
  dwSize . . . . . . . . . . . .	 00000000	 DWord


Segments and Groups:

                N a m e                 Size     Length   Align   Combine Class

FLAT . . . . . . . . . . . . . .	GROUP
STACK  . . . . . . . . . . . . .	32 Bit	 00001000 Para	  Stack	  'STACK'	 
_DATA  . . . . . . . . . . . . .	32 Bit	 00000005 Para	  Public  'DATA'	
_TEXT  . . . . . . . . . . . . .	32 Bit	 000002EE Para	  Public  'CODE'	


Procedures, parameters, and locals:

                N a m e                 Type     Value    Attr

CloseFile  . . . . . . . . . . .	P Near	 00000000 FLAT	Length= 00000000 External STDCALL
CloseHandle  . . . . . . . . . .	P Near	 00000000 FLAT	Length= 00000000 External STDCALL
Clrscr . . . . . . . . . . . . .	P Near	 00000000 FLAT	Length= 00000000 External STDCALL
CreateFileA  . . . . . . . . . .	P Near	 00000000 FLAT	Length= 00000000 External STDCALL
CreateOutputFile . . . . . . . .	P Near	 00000000 FLAT	Length= 00000000 External STDCALL
Crlf . . . . . . . . . . . . . .	P Near	 00000000 FLAT	Length= 00000000 External STDCALL
Delay  . . . . . . . . . . . . .	P Near	 00000000 FLAT	Length= 00000000 External STDCALL
DumpMem  . . . . . . . . . . . .	P Near	 00000000 FLAT	Length= 00000000 External STDCALL
DumpRegs . . . . . . . . . . . .	P Near	 00000000 FLAT	Length= 00000000 External STDCALL
ExitProcess  . . . . . . . . . .	P Near	 00000000 FLAT	Length= 00000000 External STDCALL
FileTimeToDosDateTime  . . . . .	P Near	 00000000 FLAT	Length= 00000000 External STDCALL
FileTimeToSystemTime . . . . . .	P Near	 00000000 FLAT	Length= 00000000 External STDCALL
FlushConsoleInputBuffer  . . . .	P Near	 00000000 FLAT	Length= 00000000 External STDCALL
FormatMessageA . . . . . . . . .	P Near	 00000000 FLAT	Length= 00000000 External STDCALL
GetCommandLineA  . . . . . . . .	P Near	 00000000 FLAT	Length= 00000000 External STDCALL
GetCommandTail . . . . . . . . .	P Near	 00000000 FLAT	Length= 00000000 External STDCALL
GetConsoleCP . . . . . . . . . .	P Near	 00000000 FLAT	Length= 00000000 External STDCALL
GetConsoleCursorInfo . . . . . .	P Near	 00000000 FLAT	Length= 00000000 External STDCALL
GetConsoleMode . . . . . . . . .	P Near	 00000000 FLAT	Length= 00000000 External STDCALL
GetConsoleScreenBufferInfo . . .	P Near	 00000000 FLAT	Length= 00000000 External STDCALL
GetDateTime  . . . . . . . . . .	P Near	 00000000 FLAT	Length= 00000000 External STDCALL
GetFileTime  . . . . . . . . . .	P Near	 00000000 FLAT	Length= 00000000 External STDCALL
GetKeyState  . . . . . . . . . .	P Near	 00000000 FLAT	Length= 00000000 External STDCALL
GetLastError . . . . . . . . . .	P Near	 00000000 FLAT	Length= 00000000 External STDCALL
GetLocalTime . . . . . . . . . .	P Near	 00000000 FLAT	Length= 00000000 External STDCALL
GetMaxXY . . . . . . . . . . . .	P Near	 00000000 FLAT	Length= 00000000 External STDCALL
GetMseconds  . . . . . . . . . .	P Near	 00000000 FLAT	Length= 00000000 External STDCALL
GetNumberOfConsoleInputEvents  .	P Near	 00000000 FLAT	Length= 00000000 External STDCALL
GetProcessHeap . . . . . . . . .	P Near	 00000000 FLAT	Length= 00000000 External STDCALL
GetStdHandle . . . . . . . . . .	P Near	 00000000 FLAT	Length= 00000000 External STDCALL
GetSystemTime  . . . . . . . . .	P Near	 00000000 FLAT	Length= 00000000 External STDCALL
GetTextColor . . . . . . . . . .	P Near	 00000000 FLAT	Length= 00000000 External STDCALL
GetTickCount . . . . . . . . . .	P Near	 00000000 FLAT	Length= 00000000 External STDCALL
Gotoxy . . . . . . . . . . . . .	P Near	 00000000 FLAT	Length= 00000000 External STDCALL
HeapAlloc  . . . . . . . . . . .	P Near	 00000000 FLAT	Length= 00000000 External STDCALL
HeapCreate . . . . . . . . . . .	P Near	 00000000 FLAT	Length= 00000000 External STDCALL
HeapDestroy  . . . . . . . . . .	P Near	 00000000 FLAT	Length= 00000000 External STDCALL
HeapFree . . . . . . . . . . . .	P Near	 00000000 FLAT	Length= 00000000 External STDCALL
HeapSize . . . . . . . . . . . .	P Near	 00000000 FLAT	Length= 00000000 External STDCALL
IsDigit  . . . . . . . . . . . .	P Near	 00000000 FLAT	Length= 00000000 External STDCALL
LocalFree  . . . . . . . . . . .	P Near	 00000000 FLAT	Length= 00000000 External STDCALL
MessageBoxA  . . . . . . . . . .	P Near	 00000000 FLAT	Length= 00000000 External STDCALL
MsgBoxAsk  . . . . . . . . . . .	P Near	 00000000 FLAT	Length= 00000000 External STDCALL
MsgBox . . . . . . . . . . . . .	P Near	 00000000 FLAT	Length= 00000000 External STDCALL
OpenInputFile  . . . . . . . . .	P Near	 00000000 FLAT	Length= 00000000 External STDCALL
ParseDecimal32 . . . . . . . . .	P Near	 00000000 FLAT	Length= 00000000 External STDCALL
ParseInteger32 . . . . . . . . .	P Near	 00000000 FLAT	Length= 00000000 External STDCALL
PeekConsoleInputA  . . . . . . .	P Near	 00000000 FLAT	Length= 00000000 External STDCALL
Random32 . . . . . . . . . . . .	P Near	 00000000 FLAT	Length= 00000000 External STDCALL
RandomRange  . . . . . . . . . .	P Near	 00000000 FLAT	Length= 00000000 External STDCALL
Randomize  . . . . . . . . . . .	P Near	 00000000 FLAT	Length= 00000000 External STDCALL
ReadChar . . . . . . . . . . . .	P Near	 00000000 FLAT	Length= 00000000 External STDCALL
ReadConsoleA . . . . . . . . . .	P Near	 00000000 FLAT	Length= 00000000 External STDCALL
ReadConsoleInputA  . . . . . . .	P Near	 00000000 FLAT	Length= 00000000 External STDCALL
ReadDec  . . . . . . . . . . . .	P Near	 00000000 FLAT	Length= 00000000 External STDCALL
ReadFile . . . . . . . . . . . .	P Near	 00000000 FLAT	Length= 00000000 External STDCALL
ReadFloat  . . . . . . . . . . .	P Near	 00000000 FLAT	Length= 00000000 External STDCALL
ReadFromFile . . . . . . . . . .	P Near	 00000000 FLAT	Length= 00000000 External STDCALL
ReadHex  . . . . . . . . . . . .	P Near	 00000000 FLAT	Length= 00000000 External STDCALL
ReadInt  . . . . . . . . . . . .	P Near	 00000000 FLAT	Length= 00000000 External STDCALL
ReadKeyFlush . . . . . . . . . .	P Near	 00000000 FLAT	Length= 00000000 External STDCALL
ReadKey  . . . . . . . . . . . .	P Near	 00000000 FLAT	Length= 00000000 External STDCALL
ReadString . . . . . . . . . . .	P Near	 00000000 FLAT	Length= 00000000 External STDCALL
SetConsoleCursorInfo . . . . . .	P Near	 00000000 FLAT	Length= 00000000 External STDCALL
SetConsoleCursorPosition . . . .	P Near	 00000000 FLAT	Length= 00000000 External STDCALL
SetConsoleMode . . . . . . . . .	P Near	 00000000 FLAT	Length= 00000000 External STDCALL
SetConsoleScreenBufferSize . . .	P Near	 00000000 FLAT	Length= 00000000 External STDCALL
SetConsoleTextAttribute  . . . .	P Near	 00000000 FLAT	Length= 00000000 External STDCALL
SetConsoleTitleA . . . . . . . .	P Near	 00000000 FLAT	Length= 00000000 External STDCALL
SetConsoleWindowInfo . . . . . .	P Near	 00000000 FLAT	Length= 00000000 External STDCALL
SetFilePointer . . . . . . . . .	P Near	 00000000 FLAT	Length= 00000000 External STDCALL
SetLocalTime . . . . . . . . . .	P Near	 00000000 FLAT	Length= 00000000 External STDCALL
SetTextColor . . . . . . . . . .	P Near	 00000000 FLAT	Length= 00000000 External STDCALL
ShowFPUStack . . . . . . . . . .	P Near	 00000000 FLAT	Length= 00000000 External STDCALL
Sleep  . . . . . . . . . . . . .	P Near	 00000000 FLAT	Length= 00000000 External STDCALL
StrLength  . . . . . . . . . . .	P Near	 00000000 FLAT	Length= 00000000 External STDCALL
Str_compare  . . . . . . . . . .	P Near	 00000000 FLAT	Length= 00000000 External STDCALL
Str_copy . . . . . . . . . . . .	P Near	 00000000 FLAT	Length= 00000000 External STDCALL
Str_length . . . . . . . . . . .	P Near	 00000000 FLAT	Length= 00000000 External STDCALL
Str_trim . . . . . . . . . . . .	P Near	 00000000 FLAT	Length= 00000000 External STDCALL
Str_ucase  . . . . . . . . . . .	P Near	 00000000 FLAT	Length= 00000000 External STDCALL
SystemTimeToFileTime . . . . . .	P Near	 00000000 FLAT	Length= 00000000 External STDCALL
WaitMsg  . . . . . . . . . . . .	P Near	 00000000 FLAT	Length= 00000000 External STDCALL
WriteBinB  . . . . . . . . . . .	P Near	 00000000 FLAT	Length= 00000000 External STDCALL
WriteBin . . . . . . . . . . . .	P Near	 00000000 FLAT	Length= 00000000 External STDCALL
WriteChar  . . . . . . . . . . .	P Near	 00000000 FLAT	Length= 00000000 External STDCALL
WriteConsoleA  . . . . . . . . .	P Near	 00000000 FLAT	Length= 00000000 External STDCALL
WriteConsoleOutputAttribute  . .	P Near	 00000000 FLAT	Length= 00000000 External STDCALL
WriteConsoleOutputCharacterA . .	P Near	 00000000 FLAT	Length= 00000000 External STDCALL
WriteDec . . . . . . . . . . . .	P Near	 00000000 FLAT	Length= 00000000 External STDCALL
WriteFile  . . . . . . . . . . .	P Near	 00000000 FLAT	Length= 00000000 External STDCALL
WriteFloat . . . . . . . . . . .	P Near	 00000000 FLAT	Length= 00000000 External STDCALL
WriteHexB  . . . . . . . . . . .	P Near	 00000000 FLAT	Length= 00000000 External STDCALL
WriteHex . . . . . . . . . . . .	P Near	 00000000 FLAT	Length= 00000000 External STDCALL
WriteInt . . . . . . . . . . . .	P Near	 00000000 FLAT	Length= 00000000 External STDCALL
WriteStackFrameName  . . . . . .	P Near	 00000000 FLAT	Length= 00000000 External STDCALL
WriteStackFrame  . . . . . . . .	P Near	 00000000 FLAT	Length= 00000000 External STDCALL
WriteString  . . . . . . . . . .	P Near	 00000000 FLAT	Length= 00000000 External STDCALL
WriteToFile  . . . . . . . . . .	P Near	 00000000 FLAT	Length= 00000000 External STDCALL
WriteWindowsMsg  . . . . . . . .	P Near	 00000000 FLAT	Length= 00000000 External STDCALL
blueBackground . . . . . . . . .	P Near	 00000114 _TEXT	Length= 0000001A Public STDCALL
blueHappy  . . . . . . . . . . .	P Near	 0000012E _TEXT	Length= 0000001F Public STDCALL
clearHappy . . . . . . . . . . .	P Near	 000001BF _TEXT	Length= 00000015 Public STDCALL
greenBackground  . . . . . . . .	P Near	 0000014D _TEXT	Length= 0000001A Public STDCALL
greenHappy . . . . . . . . . . .	P Near	 00000167 _TEXT	Length= 0000001F Public STDCALL
main . . . . . . . . . . . . . .	P Near	 00000000 _TEXT	Length= 00000114 Public STDCALL
  L1 . . . . . . . . . . . . . .	L Near	 00000022 _TEXT	
  L2 . . . . . . . . . . . . . .	L Near	 00000035 _TEXT	
  L3 . . . . . . . . . . . . . .	L Near	 00000043 _TEXT	
  L4 . . . . . . . . . . . . . .	L Near	 00000051 _TEXT	
  L5 . . . . . . . . . . . . . .	L Near	 0000005F _TEXT	
  L6 . . . . . . . . . . . . . .	L Near	 0000006C _TEXT	
  L7 . . . . . . . . . . . . . .	L Near	 00000079 _TEXT	
  L8 . . . . . . . . . . . . . .	L Near	 00000087 _TEXT	
  L9 . . . . . . . . . . . . . .	L Near	 00000095 _TEXT	
  L10  . . . . . . . . . . . . .	L Near	 000000A6 _TEXT	
  L11  . . . . . . . . . . . . .	L Near	 000000B7 _TEXT	
  L12  . . . . . . . . . . . . .	L Near	 000000C8 _TEXT	
  L13  . . . . . . . . . . . . .	L Near	 000000D9 _TEXT	
  L14  . . . . . . . . . . . . .	L Near	 000000EA _TEXT	
  LAST . . . . . . . . . . . . .	L Near	 000000FF _TEXT	
moveBack . . . . . . . . . . . .	P Near	 000002B0 _TEXT	Length= 0000003E Public STDCALL
  noMore . . . . . . . . . . . .	L Near	 000002ED _TEXT	
moveForward  . . . . . . . . . .	P Near	 00000272 _TEXT	Length= 0000003E Public STDCALL
  noMore . . . . . . . . . . . .	L Near	 000002AF _TEXT	
moveLeft . . . . . . . . . . . .	P Near	 0000022F _TEXT	Length= 00000043 Public STDCALL
  noMore . . . . . . . . . . . .	L Near	 00000271 _TEXT	
moveRight  . . . . . . . . . . .	P Near	 000001F1 _TEXT	Length= 0000003E Public STDCALL
  noMore . . . . . . . . . . . .	L Near	 0000022E _TEXT	
printf . . . . . . . . . . . . .	P Near	 00000000 FLAT	Length= 00000000 External C
redBackground  . . . . . . . . .	P Near	 00000186 _TEXT	Length= 0000001A Public STDCALL
redHappy . . . . . . . . . . . .	P Near	 000001A0 _TEXT	Length= 0000001F Public STDCALL
scanf  . . . . . . . . . . . . .	P Near	 00000000 FLAT	Length= 00000000 External C
setHappy . . . . . . . . . . . .	P Near	 000001D4 _TEXT	Length= 0000001D Public STDCALL
wsprintfA  . . . . . . . . . . .	P Near	 00000000 FLAT	Length= 00000000 External C


Symbols:

                N a m e                 Type     Value    Attr

@CodeSize  . . . . . . . . . . .	Number	 00000000h   
@DataSize  . . . . . . . . . . .	Number	 00000000h   
@Interface . . . . . . . . . . .	Number	 00000003h   
@Model . . . . . . . . . . . . .	Number	 00000007h   
@code  . . . . . . . . . . . . .	Text   	 _TEXT
@data  . . . . . . . . . . . . .	Text   	 FLAT
@fardata?  . . . . . . . . . . .	Text   	 FLAT
@fardata . . . . . . . . . . . .	Text   	 FLAT
@stack . . . . . . . . . . . . .	Text   	 FLAT
ALT_MASK . . . . . . . . . . . .	Number	 00000003h   
CAPSLOCK_ON  . . . . . . . . . .	Number	 00000080h   
CREATE_ALWAYS  . . . . . . . . .	Number	 00000002h   
CREATE_NEW . . . . . . . . . . .	Number	 00000001h   
CTRL_MASK  . . . . . . . . . . .	Number	 0000000Ch   
CreateFile . . . . . . . . . . .	Text   	 CreateFileA
DO_NOT_SHARE . . . . . . . . . .	Number	 00000000h   
ENABLE_ECHO_INPUT  . . . . . . .	Number	 00000004h   
ENABLE_LINE_INPUT  . . . . . . .	Number	 00000002h   
ENABLE_MOUSE_INPUT . . . . . . .	Number	 00000010h   
ENABLE_PROCESSED_INPUT . . . . .	Number	 00000001h   
ENABLE_PROCESSED_OUTPUT  . . . .	Number	 00000001h   
ENABLE_WINDOW_INPUT  . . . . . .	Number	 00000008h   
ENABLE_WRAP_AT_EOL_OUTPUT  . . .	Number	 00000002h   
ENHANCED_KEY . . . . . . . . . .	Number	 00000100h   
FALSE  . . . . . . . . . . . . .	Number	 00000000h   
FILE_APPEND_DATA . . . . . . . .	Number	 00000004h   
FILE_ATTRIBUTE_ARCHIVE . . . . .	Number	 00000020h   
FILE_ATTRIBUTE_COMPRESSED  . . .	Number	 00000800h   
FILE_ATTRIBUTE_DEVICE  . . . . .	Number	 00000040h   
FILE_ATTRIBUTE_DIRECTORY . . . .	Number	 00000010h   
FILE_ATTRIBUTE_ENCRYPTED . . . .	Number	 00004000h   
FILE_ATTRIBUTE_HIDDEN  . . . . .	Number	 00000002h   
FILE_ATTRIBUTE_NORMAL  . . . . .	Number	 00000080h   
FILE_ATTRIBUTE_NOT_CONTENT_INDEXED .	Number	 00002000h   
FILE_ATTRIBUTE_OFFLINE . . . . .	Number	 00001000h   
FILE_ATTRIBUTE_READONLY  . . . .	Number	 00000001h   
FILE_ATTRIBUTE_REPARSE_POINT . .	Number	 00000400h   
FILE_ATTRIBUTE_SPARSE_FILE . . .	Number	 00000200h   
FILE_ATTRIBUTE_SYSTEM  . . . . .	Number	 00000004h   
FILE_ATTRIBUTE_TEMPORARY . . . .	Number	 00000100h   
FILE_BEGIN . . . . . . . . . . .	Number	 00000000h   
FILE_CURRENT . . . . . . . . . .	Number	 00000001h   
FILE_DELETE_CHILD  . . . . . . .	Number	 00000040h   
FILE_END . . . . . . . . . . . .	Number	 00000002h   
FILE_READ_DATA . . . . . . . . .	Number	 00000001h   
FILE_SHARE_DELETE  . . . . . . .	Number	 00000004h   
FILE_SHARE_READ  . . . . . . . .	Number	 00000001h   
FILE_SHARE_WRITE . . . . . . . .	Number	 00000002h   
FILE_WRITE_DATA  . . . . . . . .	Number	 00000002h   
FOCUS_EVENT  . . . . . . . . . .	Number	 00000010h   
FORMAT_MESSAGE_ALLOCATE_BUFFER .	Number	 00000100h   
FORMAT_MESSAGE_FROM_SYSTEM . . .	Number	 00001000h   
FormatMessage  . . . . . . . . .	Text   	 FormatMessageA
GENERIC_ALL  . . . . . . . . . .	Number	 10000000h   
GENERIC_EXECUTE  . . . . . . . .	Number	 20000000h   
GENERIC_READ . . . . . . . . . .	Number	 -80000000h   
GENERIC_WRITE  . . . . . . . . .	Number	 40000000h   
GetCommandLine . . . . . . . . .	Text   	 GetCommandLineA
HANDLE . . . . . . . . . . . . .	Text   	 DWORD
HEAP_GENERATE_EXCEPTIONS . . . .	Number	 00000004h   
HEAP_GROWABLE  . . . . . . . . .	Number	 00000002h   
HEAP_NO_SERIALIZE  . . . . . . .	Number	 00000001h   
HEAP_REALLOC_IN_PLACE_ONLY . . .	Number	 00000010h   
HEAP_ZERO_MEMORY . . . . . . . .	Number	 00000008h   
Happy  . . . . . . . . . . . . .	RCC	 00000000 _DATA	
IDABORT  . . . . . . . . . . . .	Number	 00000003h   
IDCANCEL . . . . . . . . . . . .	Number	 00000002h   
IDCLOSE  . . . . . . . . . . . .	Number	 00000008h   
IDCONTINUE . . . . . . . . . . .	Number	 0000000Bh   
IDHELP . . . . . . . . . . . . .	Number	 00000009h   
IDIGNORE . . . . . . . . . . . .	Number	 00000005h   
IDNO . . . . . . . . . . . . . .	Number	 00000007h   
IDOK . . . . . . . . . . . . . .	Number	 00000001h   
IDRETRY  . . . . . . . . . . . .	Number	 00000004h   
IDTIMEOUT  . . . . . . . . . . .	Number	 00007D00h   
IDTRYAGAIN . . . . . . . . . . .	Number	 0000000Ah   
IDYES  . . . . . . . . . . . . .	Number	 00000006h   
INVALID_HANDLE_VALUE . . . . . .	Number	 -00000001h   
KBDOWN_FLAG  . . . . . . . . . .	Number	 00000001h   
KEY_EVENT  . . . . . . . . . . .	Number	 00000001h   
KEY_MASKS  . . . . . . . . . . .	Number	 0000001Fh   
LEFT_ALT_PRESSED . . . . . . . .	Number	 00000002h   
LEFT_CTRL_PRESSED  . . . . . . .	Number	 00000008h   
MB_ABORTRETRYIGNORE  . . . . . .	Number	 00000002h   
MB_APPLMODAL . . . . . . . . . .	Number	 00000000h   
MB_CANCELTRYCONTINUE . . . . . .	Number	 00000006h   
MB_DEFBUTTON1  . . . . . . . . .	Number	 00000000h   
MB_DEFBUTTON2  . . . . . . . . .	Number	 00000100h   
MB_DEFBUTTON3  . . . . . . . . .	Number	 00000200h   
MB_DEFBUTTON4  . . . . . . . . .	Number	 00000300h   
MB_HELP  . . . . . . . . . . . .	Number	 00004000h   
MB_ICONASTERISK  . . . . . . . .	Number	 00000040h   
MB_ICONERROR . . . . . . . . . .	Number	 00000010h   
MB_ICONEXCLAMATION . . . . . . .	Number	 00000030h   
MB_ICONHAND  . . . . . . . . . .	Number	 00000010h   
MB_ICONINFORMATION . . . . . . .	Number	 00000040h   
MB_ICONQUESTION  . . . . . . . .	Number	 00000020h   
MB_ICONSTOP  . . . . . . . . . .	Number	 00000010h   
MB_ICONWARNING . . . . . . . . .	Number	 00000030h   
MB_OKCANCEL  . . . . . . . . . .	Number	 00000001h   
MB_OK  . . . . . . . . . . . . .	Number	 00000000h   
MB_RETRYCANCEL . . . . . . . . .	Number	 00000005h   
MB_SYSTEMMODAL . . . . . . . . .	Number	 00001000h   
MB_TASKMODAL . . . . . . . . . .	Number	 00002000h   
MB_USERICON  . . . . . . . . . .	Number	 00000080h   
MB_YESNOCANCEL . . . . . . . . .	Number	 00000003h   
MB_YESNO . . . . . . . . . . . .	Number	 00000004h   
MENU_EVENT . . . . . . . . . . .	Number	 00000008h   
MOUSE_EVENT  . . . . . . . . . .	Number	 00000002h   
MessageBox . . . . . . . . . . .	Text   	 MessageBoxA
NULL . . . . . . . . . . . . . .	Number	 00000000h   
NUMLOCK_ON . . . . . . . . . . .	Number	 00000020h   
OPEN_ALWAYS  . . . . . . . . . .	Number	 00000004h   
OPEN_EXISTING  . . . . . . . . .	Number	 00000003h   
PeekConsoleInput . . . . . . . .	Text   	 PeekConsoleInputA
RIGHT_ALT_PRESSED  . . . . . . .	Number	 00000001h   
RIGHT_CTRL_PRESSED . . . . . . .	Number	 00000004h   
ReadConsoleInput . . . . . . . .	Text   	 ReadConsoleInputA
ReadConsole  . . . . . . . . . .	Text   	 ReadConsoleA
SCROLLLOCK_ON  . . . . . . . . .	Number	 00000040h   
SHIFT_MASK . . . . . . . . . . .	Number	 00000010h   
SHIFT_PRESSED  . . . . . . . . .	Number	 00000010h   
STD_ERROR_HANDLE . . . . . . . .	Number	 -0000000Ch   
STD_INPUT_HANDLE . . . . . . . .	Number	 -0000000Ah   
STD_OUTPUT_HANDLE  . . . . . . .	Number	 -0000000Bh   
SetConsoleTitle  . . . . . . . .	Text   	 SetConsoleTitleA
TAB  . . . . . . . . . . . . . .	Number	 00000009h   
TRUE . . . . . . . . . . . . . .	Number	 00000001h   
TRUNCATE_EXISTING  . . . . . . .	Number	 00000005h   
VK_11  . . . . . . . . . . . . .	Number	 000000BDh   
VK_12  . . . . . . . . . . . . .	Number	 000000BBh   
VK_ADD . . . . . . . . . . . . .	Number	 0000006Bh   
VK_BACK  . . . . . . . . . . . .	Number	 00000008h   
VK_CANCEL  . . . . . . . . . . .	Number	 00000003h   
VK_CAPITAL . . . . . . . . . . .	Number	 00000014h   
VK_CLEAR . . . . . . . . . . . .	Number	 0000000Ch   
VK_CONTROL . . . . . . . . . . .	Number	 00000011h   
VK_DECIMAL . . . . . . . . . . .	Number	 0000006Eh   
VK_DELETE  . . . . . . . . . . .	Number	 0000002Eh   
VK_DIVIDE  . . . . . . . . . . .	Number	 0000006Fh   
VK_DOWN  . . . . . . . . . . . .	Number	 00000028h   
VK_END . . . . . . . . . . . . .	Number	 00000023h   
VK_ESCAPE  . . . . . . . . . . .	Number	 0000001Bh   
VK_EXECUTE . . . . . . . . . . .	Number	 0000002Bh   
VK_F10 . . . . . . . . . . . . .	Number	 00000079h   
VK_F11 . . . . . . . . . . . . .	Number	 0000007Ah   
VK_F12 . . . . . . . . . . . . .	Number	 0000007Bh   
VK_F13 . . . . . . . . . . . . .	Number	 0000007Ch   
VK_F14 . . . . . . . . . . . . .	Number	 0000007Dh   
VK_F15 . . . . . . . . . . . . .	Number	 0000007Eh   
VK_F16 . . . . . . . . . . . . .	Number	 0000007Fh   
VK_F17 . . . . . . . . . . . . .	Number	 00000080h   
VK_F18 . . . . . . . . . . . . .	Number	 00000081h   
VK_F19 . . . . . . . . . . . . .	Number	 00000082h   
VK_F1  . . . . . . . . . . . . .	Number	 00000070h   
VK_F20 . . . . . . . . . . . . .	Number	 00000083h   
VK_F21 . . . . . . . . . . . . .	Number	 00000084h   
VK_F22 . . . . . . . . . . . . .	Number	 00000085h   
VK_F23 . . . . . . . . . . . . .	Number	 00000086h   
VK_F24 . . . . . . . . . . . . .	Number	 00000087h   
VK_F2  . . . . . . . . . . . . .	Number	 00000071h   
VK_F3  . . . . . . . . . . . . .	Number	 00000072h   
VK_F4  . . . . . . . . . . . . .	Number	 00000073h   
VK_F5  . . . . . . . . . . . . .	Number	 00000074h   
VK_F6  . . . . . . . . . . . . .	Number	 00000075h   
VK_F7  . . . . . . . . . . . . .	Number	 00000076h   
VK_F8  . . . . . . . . . . . . .	Number	 00000077h   
VK_F9  . . . . . . . . . . . . .	Number	 00000078h   
VK_HELP  . . . . . . . . . . . .	Number	 0000002Fh   
VK_HOME  . . . . . . . . . . . .	Number	 00000024h   
VK_INSERT  . . . . . . . . . . .	Number	 0000002Dh   
VK_LBUTTON . . . . . . . . . . .	Number	 00000001h   
VK_LCONTROL  . . . . . . . . . .	Number	 000000A2h   
VK_LEFT  . . . . . . . . . . . .	Number	 00000025h   
VK_LMENU . . . . . . . . . . . .	Number	 000000A4h   
VK_LSHIFT  . . . . . . . . . . .	Number	 000000A0h   
VK_MENU  . . . . . . . . . . . .	Number	 00000012h   
VK_MULTIPLY  . . . . . . . . . .	Number	 0000006Ah   
VK_NEXT  . . . . . . . . . . . .	Number	 00000022h   
VK_NUMLOCK . . . . . . . . . . .	Number	 00000090h   
VK_NUMPAD0 . . . . . . . . . . .	Number	 00000060h   
VK_NUMPAD1 . . . . . . . . . . .	Number	 00000061h   
VK_NUMPAD2 . . . . . . . . . . .	Number	 00000062h   
VK_NUMPAD3 . . . . . . . . . . .	Number	 00000063h   
VK_NUMPAD4 . . . . . . . . . . .	Number	 00000064h   
VK_NUMPAD5 . . . . . . . . . . .	Number	 00000065h   
VK_NUMPAD6 . . . . . . . . . . .	Number	 00000066h   
VK_NUMPAD7 . . . . . . . . . . .	Number	 00000067h   
VK_NUMPAD8 . . . . . . . . . . .	Number	 00000068h   
VK_NUMPAD9 . . . . . . . . . . .	Number	 00000069h   
VK_PAUSE . . . . . . . . . . . .	Number	 00000013h   
VK_PRINT . . . . . . . . . . . .	Number	 0000002Ah   
VK_PRIOR . . . . . . . . . . . .	Number	 00000021h   
VK_RBUTTON . . . . . . . . . . .	Number	 00000002h   
VK_RCONTROL  . . . . . . . . . .	Number	 000000A3h   
VK_RETURN  . . . . . . . . . . .	Number	 0000000Dh   
VK_RIGHT . . . . . . . . . . . .	Number	 00000027h   
VK_RMENU . . . . . . . . . . . .	Number	 000000A5h   
VK_RSHIFT  . . . . . . . . . . .	Number	 000000A1h   
VK_SCROLL  . . . . . . . . . . .	Number	 00000091h   
VK_SEPARATER . . . . . . . . . .	Number	 0000006Ch   
VK_SHIFT . . . . . . . . . . . .	Number	 00000010h   
VK_SNAPSHOT  . . . . . . . . . .	Number	 0000002Ch   
VK_SPACE . . . . . . . . . . . .	Number	 00000020h   
VK_SUBTRACT  . . . . . . . . . .	Number	 0000006Dh   
VK_TAB . . . . . . . . . . . . .	Number	 00000009h   
VK_UP  . . . . . . . . . . . . .	Number	 00000026h   
WINDOW_BUFFER_SIZE_EVENT . . . .	Number	 00000004h   
WriteConsoleOutputCharacter  . .	Text   	 WriteConsoleOutputCharacterA
WriteConsole . . . . . . . . . .	Text   	 WriteConsoleA
backC  . . . . . . . . . . . . .	Byte	 00000003 _DATA	
black  . . . . . . . . . . . . .	Number	 00000000h   
blue . . . . . . . . . . . . . .	Number	 00000001h   
brown  . . . . . . . . . . . . .	Number	 00000006h   
cyan . . . . . . . . . . . . . .	Number	 00000003h   
exit . . . . . . . . . . . . . .	Text   	 INVOKE ExitProcess,0
foreC  . . . . . . . . . . . . .	Byte	 00000004 _DATA	
gray . . . . . . . . . . . . . .	Number	 00000008h   
green  . . . . . . . . . . . . .	Number	 00000002h   
lightBlue  . . . . . . . . . . .	Number	 00000009h   
lightCyan  . . . . . . . . . . .	Number	 0000000Bh   
lightGray  . . . . . . . . . . .	Number	 00000007h   
lightGreen . . . . . . . . . . .	Number	 0000000Ah   
lightMagenta . . . . . . . . . .	Number	 0000000Dh   
lightRed . . . . . . . . . . . .	Number	 0000000Ch   
magenta  . . . . . . . . . . . .	Number	 00000005h   
red  . . . . . . . . . . . . . .	Number	 00000004h   
white  . . . . . . . . . . . . .	Number	 0000000Fh   
wsprintf . . . . . . . . . . . .	Text   	 wsprintfA
yellow . . . . . . . . . . . . .	Number	 0000000Eh   

	   0 Warnings
	   0 Errors
