Microsoft (R) Macro Assembler Version 12.00.31101.0	    12/06/16 10:19:40
Snake.asm						     Page 1 - 1


				;;Snake.asm
				;;Matt Schnider
				;;Fall 2016
				;;Dr. Allen

				INCLUDE Irvine32.inc
			      C ; Include file for Irvine32.lib             (Irvine32.inc)
			      C 
			      C ;OPTION CASEMAP:NONE		; optional: make identifiers case-sensitive
			      C 
			      C INCLUDE SmallWin.inc		; MS-Windows prototypes, structures, and constants
			      C .NOLIST
			      C .LIST
			      C 
			      C INCLUDE VirtualKeys.inc
			      C ; VirtualKeys.inc
			      C .NOLIST
			      C .LIST
			      C 
			      C 
			      C .NOLIST
			      C .LIST
			      C 

 00000003			RCC Struct                    						;; Struct for keeping track of a BYTE, Row Col Char
 00000000  00			     Row       BYTE          0
 00000001  00			     Col       BYTE          0
 00000002  58			     Char      BYTE          'X'
				RCC ENDS
 00000000			.data
 00000000 00 25 2B 00 26	snake     RCC       <0,37,'+'>,<0,38,'*'>,<0,39,'*'>,<0,40,1>, 202 DUP(<0,0,0>)
	   2A 00 27 2A 00
	   28 01
	   000000CA [
	    00 00 00
	   ]
 0000026A 04			currSize       BYTE            04h
 0000026B 000001F4		time           DWORD           500
 0000026F 4D00			keyPress       WORD          4D00h
 00000000			.code


 00000000			main PROC

 00000000  E8 00000302		   call drawSnake
 00000005			TOP:
 00000005  E8 00000000 E	   call Readkey
 0000000A  75 02		   jnz pressEvent
 0000000C  EB 05			jmp L1

 0000000E			pressEvent:
 0000000E  E8 00000157			call processKey
					
 00000013  66| 81 3D		L1:	cmp keyPress, 4D00h
	   0000026F R
	   4D00
 0000001C  75 11			jne L2
 0000001E  E8 00000287			call moveSnakeRight
 00000023  A1 0000026B R		mov eax, time
 00000028  E8 00000000 E		call delay
 0000002D  EB D6			jmp Top
 0000002F  66| 81 3D		L2: cmp keyPress, 4B00h
	   0000026F R
	   4B00
 00000038  75 11			jne L3
 0000003A  E8 0000019F			call moveSnakeLeft
 0000003F  A1 0000026B R		mov eax, time
 00000044  E8 00000000 E		call delay
 00000049  EB BA			jmp TOP
 0000004B  66| 81 3D		L3: cmp keyPress, 5000h
	   0000026F R
	   5000
 00000054  75 11			jne L4
 00000056  E8 000001E9			call moveSnakeDown
 0000005B  A1 0000026B R		mov eax, time
 00000060  E8 00000000 E		call delay
 00000065  EB 9E			jmp TOP
 00000067  66| 81 3D		L4: cmp keyPress, 4800h
	   0000026F R
	   4800
 00000070  75 11			jne L5
 00000072  E8 00000101			call moveSnakeUp
 00000077  A1 0000026B R		mov eax, time
 0000007C  E8 00000000 E		call delay
 00000081  EB 82			jmp TOP
 00000083  66| 81 3D		L5: cmp keyPress, 4E2Bh
	   0000026F R
	   4E2B
 0000008C  75 1C			jne L6
 0000008E  83 3D 0000026B R		cmp time, 0
	   00
 00000095  74 07			je NOLESS
 00000097  83 2D 0000026B R		sub time, 100
	   64
 0000009E			NOLESS:
 0000009E  66| 89 1D			mov keypress, bx
	   0000026F R
 000000A5  E9 FFFFFF5B			jmp TOP
 000000AA  66| 81 3D		L6: cmp keyPress, 4A2Dh
	   0000026F R
	   4A2D
 000000B3  75 1F			jne L7
 000000B5  81 3D 0000026B R		cmp time, 1000
	   000003E8
 000000BF  74 07			je NOMORE
 000000C1  83 05 0000026B R		add time, 100
	   64
 000000C8			NOMORE:
 000000C8  66| 89 1D			mov keypress, bx
	   0000026F R
 000000CF  E9 FFFFFF31			jmp TOP
 000000D4  66| 81 3D		L7: cmp keyPress, 372Ah
	   0000026F R
	   372A
 000000DD  75 1E			jne L8
 000000DF  80 3D 0000026A R		cmp currSize, 205
	   CD
 000000E6  0F 84 FFFFFF19		je Top
 000000EC  E8 0000002D			call growSnake
 000000F1  66| 89 1D			mov keypress, bx
	   0000026F R
 000000F8  E9 FFFFFF08			jmp Top
 000000FD  66| 81 3D		L8: cmp keyPress, 1051h
	   0000026F R
	   1051
 00000106  74 0F			je QUIT
 00000108  66| 81 3D		L9: cmp keyPress, 1071h
	   0000026F R
	   1071
 00000111  0F 85 FFFFFEEE		jne TOP
					
 00000117			QUIT:
					
				     exit
 00000117  6A 00	   *	    push   +000000000h
 00000119  E8 00000000 E   *	    call   ExitProcess
 0000011E			main ENDP
 0000011E			growSnake PROC
 0000011E  60			pushad
 0000011F  A0 0000026A R		 mov al, currSize
 00000124  B2 03		     mov dl, sizeOF RCC
 00000126  F6 E2		     mul dl
 00000128  66| 83 E8 03		     sub ax, sizeOF RCC
 0000012C  0F B7 F0		     movzx esi, ax
 0000012F  8A 9E 00000001 R		 mov bl, snake[esi].col
 00000135  8A BE 00000000 R		 mov bh, snake[esi].row
 0000013B  8A 96 00000002 R		 mov dl, snake[esi].char
 00000141  C6 86 00000002 R		 mov snake[esi].char, '*'
	   2A
 00000148  83 C6 03			 add esi, sizeOF RCC
 0000014B  88 9E 00000001 R		 mov snake[esi].col,bl
 00000151  88 BE 00000000 R		 mov snake[esi].row,bh
 00000157  88 96 00000002 R		 mov snake[esi].char, dl
 0000015D  FE 05 0000026A R		 inc currSize
 00000163  E8 0000019F			 call drawSnake 
 00000168  61			popad
 00000169  C3			 ret
 0000016A			growSnake ENDP
 0000016A			processKey PROC
 0000016A  66| 8B 1D			mov bx, keypress
	   0000026F R
 00000171  66| A3			mov keypress, ax
	   0000026F R
					
 00000177  C3			     RET
 00000178			ProcessKey ENDP
 00000178			moveSnakeUp PROC
 00000178  60			     pushad
 00000179  E8 00000000 E	     call clrscr
 0000017E  66| C7 05			 mov keyPress, 4800h
	   0000026F R
	   4800
 00000187  A0 0000026A R	     mov al, currSize
 0000018C  B2 03		     mov dl, sizeOF RCC
 0000018E  F6 E2		     mul dl
 00000190  66| 83 E8 03		     sub ax, sizeOF RCC
 00000194  0F B7 F0		     movzx esi, ax 
 00000197  80 BE 00000000 R	     cmp snake[esi].row, 0
	   00
 0000019E  74 32		     je TURN
 000001A0  8A 9E 00000001 R	     mov bl, snake[esi].col
 000001A6  8A BE 00000000 R	     mov bh, snake[esi].row
 000001AC  FE 8E 00000000 R	     dec snake[esi].row
 000001B2  83 EE 03		     sub esi, sizeOf RCC
 000001B5  2B C9		     sub ecx,ecx
 000001B7  8A 0D 0000026A R	     mov cl, currSize
 000001BD  FE C9		     dec cl
 000001BF			TOP:
 000001BF  86 9E 00000001 R	     XCHG bl,snake[esi].col
 000001C5  86 BE 00000000 R	     XCHG bh,snake[esi].row
 000001CB  83 EE 03		     sub esi, sizeOF RCC

 000001CE  E2 EF		     loop Top
 000001D0  EB 05		     jmp NOTURN
 000001D2			TURN:
 000001D2  E8 000000D3		     call moveSnakeRight
 000001D7			NOTURN:
 000001D7  E8 0000012B		 call drawSnake
 000001DC  61			     popad
 000001DD  C3			     RET
 000001DE			moveSnakeUp ENDP
 000001DE			moveSnakeLeft PROC
 000001DE  60			     pushad
 000001DF  E8 00000000 E	     call clrscr
 000001E4  66| C7 05			 mov keyPress, 4B00h
	   0000026F R
	   4B00
 000001ED  A0 0000026A R	     mov al, currSize
 000001F2  B2 03		     mov dl, sizeOF RCC
 000001F4  F6 E2		     mul dl
 000001F6  66| 83 E8 03		     sub ax, sizeOF RCC
 000001FA  0F B7 F0		     movzx esi, ax 
 000001FD  80 BE 00000001 R	     cmp snake[esi].col, 0
	   00
 00000204  74 32		     je TURN
 00000206  8A 9E 00000001 R	     mov bl, snake[esi].col
 0000020C  8A BE 00000000 R	     mov bh, snake[esi].row
 00000212  FE 8E 00000001 R	     dec snake[esi].col
 00000218  83 EE 03		     sub esi, sizeOf RCC
 0000021B  2B C9		     sub ecx,ecx
 0000021D  8A 0D 0000026A R	     mov cl, currSize
 00000223  FE C9		     dec cl
 00000225			TOP:
 00000225  86 9E 00000001 R	     XCHG bl,snake[esi].col
 0000022B  86 BE 00000000 R	     XCHG bh,snake[esi].row
 00000231  83 EE 03		     sub esi, sizeOF RCC

 00000234  E2 EF		     loop Top
 00000236  EB 05		     jmp NOTURN
 00000238			TURN:
 00000238  E8 FFFFFF3B		     call moveSnakeUp
 0000023D			NOTURN:
 0000023D  E8 000000C5		 call drawSnake
 00000242  61			     popad
 00000243  C3			     RET
 00000244			moveSnakeLeft ENDP
 00000244			moveSnakeDown PROC
 00000244  60			     pushad
 00000245  E8 00000000 E	     call clrscr
 0000024A  66| C7 05			 mov keyPress, 5000h
	   0000026F R
	   5000
 00000253  A0 0000026A R	     mov al, currSize
 00000258  B2 03		     mov dl, sizeOF RCC
 0000025A  F6 E2		     mul dl
 0000025C  66| 83 E8 03		     sub ax, sizeOF RCC
 00000260  0F B7 F0		     movzx esi, ax 
 00000263  80 BE 00000000 R	     cmp snake[esi].row, 24
	   18
 0000026A  74 32		     je TURN
 0000026C  8A 9E 00000001 R	     mov bl, snake[esi].col
 00000272  8A BE 00000000 R	     mov bh, snake[esi].row
 00000278  FE 86 00000000 R	     inc snake[esi].row
 0000027E  83 EE 03		     sub esi, sizeOf RCC
 00000281  2B C9		     sub ecx,ecx
 00000283  8A 0D 0000026A R	     mov cl, currSize
 00000289  FE C9		     dec cl
 0000028B			TOP:
 0000028B  86 9E 00000001 R	     XCHG bl,snake[esi].col
 00000291  86 BE 00000000 R	     XCHG bh,snake[esi].row
 00000297  83 EE 03		     sub esi, sizeOF RCC

 0000029A  E2 EF		     loop Top
 0000029C  EB 05		     jmp NOTURN
 0000029E			TURN:
 0000029E  E8 FFFFFF3B		     call moveSnakeLeft
 000002A3			NOTURN:
 000002A3  E8 0000005F		 call drawSnake
 000002A8  61			     popad
 000002A9  C3			     RET
 000002AA			moveSnakeDown ENDP
 000002AA			moveSnakeRight PROC
 000002AA  60			     pushad
 000002AB  E8 00000000 E	     call clrscr
 000002B0  A0 0000026A R	     mov al, currSize
 000002B5  B2 03		     mov dl, sizeOF RCC
 000002B7  F6 E2		     mul dl
 000002B9  66| 83 E8 03		     sub ax, sizeOF RCC
 000002BD  0F B7 F0		     movzx esi, ax 
 000002C0  80 BE 00000001 R	     cmp snake[esi].col, 79
	   4F
 000002C7  74 32		     je TURN
 000002C9  8A 9E 00000001 R	     mov bl, snake[esi].col
 000002CF  8A BE 00000000 R	     mov bh, snake[esi].row
 000002D5  FE 86 00000001 R	     inc snake[esi].col
 000002DB  83 EE 03		     sub esi, sizeOf RCC
 000002DE  2B C9		     sub ecx,ecx
 000002E0  8A 0D 0000026A R	     mov cl, currSize
 000002E6  FE C9		     dec cl
 000002E8			TOP:
 000002E8  86 9E 00000001 R	     XCHG bl,snake[esi].col
 000002EE  86 BE 00000000 R	     XCHG bh,snake[esi].row
 000002F4  83 EE 03		     sub esi, sizeOF RCC

 000002F7  E2 EF		     loop Top
 000002F9  EB 05		     jmp NOTURN
 000002FB			TURN:
 000002FB  E8 FFFFFF44		     call moveSnakeDown
 00000300			NOTURN:
 00000300  E8 00000002		 call drawSnake
 00000305  61			     popad
 00000306  C3			     RET
 00000307			moveSnakeRight ENDP
 00000307			drawSnake PROC
 00000307  60			   pushad
 00000308  BE 00000000		   mov esi, 0
 0000030D  0F B6 0D		   movzx ecx, currSize
	   0000026A R
 00000314			TOP:
 00000314  8A B6 00000000 R	          mov dh, snake[esi].row
 0000031A  8A 96 00000001 R	          mov dl, snake[esi].col
 00000320  E8 00000000 E	          call gotoxy
 00000325  8A 86 00000002 R	          mov al, snake[esi].char
 0000032B  E8 00000000 E	          call writeChar
 00000330  83 C6 03		          add esi,sizeOf rcc
 00000333  E2 DF		          loop TOP
 00000335  61			     popad
 00000336  C3			   Ret
 00000337			drawSnake ENDP

				end main
Microsoft (R) Macro Assembler Version 12.00.31101.0	    12/06/16 10:19:40
Snake.asm						     Symbols 2 - 1




Structures and Unions:

                N a m e                  Size
                                         Offset      Type

CONSOLE_CURSOR_INFO  . . . . . .	 00000008
  dwSize . . . . . . . . . . . .	 00000000	 DWord
  bVisible . . . . . . . . . . .	 00000004	 DWord
CONSOLE_SCREEN_BUFFER_INFO . . .	 00000016
  dwSize . . . . . . . . . . . .	 00000000	 DWord
  dwCursorPosition . . . . . . .	 00000004	 DWord
  wAttributes  . . . . . . . . .	 00000008	 Word
  srWindow . . . . . . . . . . .	 0000000A	 QWord
  dwMaximumWindowSize  . . . . .	 00000012	 DWord
COORD  . . . . . . . . . . . . .	 00000004
  X  . . . . . . . . . . . . . .	 00000000	 Word
  Y  . . . . . . . . . . . . . .	 00000002	 Word
FILETIME . . . . . . . . . . . .	 00000008
  loDateTime . . . . . . . . . .	 00000000	 DWord
  hiDateTime . . . . . . . . . .	 00000004	 DWord
FOCUS_EVENT_RECORD . . . . . . .	 00000004
  bSetFocus  . . . . . . . . . .	 00000000	 DWord
FPU_ENVIRON  . . . . . . . . . .	 0000001C
  controlWord  . . . . . . . . .	 00000000	 Word
  statusWord . . . . . . . . . .	 00000004	 Word
  tagWord  . . . . . . . . . . .	 00000008	 Word
  instrPointerOffset . . . . . .	 0000000C	 DWord
  instrPointerSelector . . . . .	 00000010	 DWord
  operandPointerOffset . . . . .	 00000014	 DWord
  operandPointerSelector . . . .	 00000018	 Word
INPUT_RECORD . . . . . . . . . .	 00000014
  EventType  . . . . . . . . . .	 00000000	 Word
  Event  . . . . . . . . . . . .	 00000004	 XmmWord
  bKeyDown . . . . . . . . . . .	 00000000	 DWord
  wRepeatCount . . . . . . . . .	 00000004	 Word
  wVirtualKeyCode  . . . . . . .	 00000006	 Word
  wVirtualScanCode . . . . . . .	 00000008	 Word
  uChar  . . . . . . . . . . . .	 0000000A	 Word
  UnicodeChar  . . . . . . . . .	 00000000	 Word
  AsciiChar  . . . . . . . . . .	 00000000	 Byte
  dwControlKeyState  . . . . . .	 0000000C	 DWord
  dwMousePosition  . . . . . . .	 00000000	 DWord
  dwButtonState  . . . . . . . .	 00000004	 DWord
  dwMouseControlKeyState . . . .	 00000008	 DWord
  dwEventFlags . . . . . . . . .	 0000000C	 DWord
  dwSize . . . . . . . . . . . .	 00000000	 DWord
  dwCommandId  . . . . . . . . .	 00000000	 DWord
  bSetFocus  . . . . . . . . . .	 00000000	 DWord
KEY_EVENT_RECORD . . . . . . . .	 00000010
  bKeyDown . . . . . . . . . . .	 00000000	 DWord
  wRepeatCount . . . . . . . . .	 00000004	 Word
  wVirtualKeyCode  . . . . . . .	 00000006	 Word
  wVirtualScanCode . . . . . . .	 00000008	 Word
  uChar  . . . . . . . . . . . .	 0000000A	 Word
  UnicodeChar  . . . . . . . . .	 00000000	 Word
  AsciiChar  . . . . . . . . . .	 00000000	 Byte
  dwControlKeyState  . . . . . .	 0000000C	 DWord
MENU_EVENT_RECORD  . . . . . . .	 00000004
  dwCommandId  . . . . . . . . .	 00000000	 DWord
MOUSE_EVENT_RECORD . . . . . . .	 00000010
  dwMousePosition  . . . . . . .	 00000000	 DWord
  dwButtonState  . . . . . . . .	 00000004	 DWord
  dwMouseControlKeyState . . . .	 00000008	 DWord
  dwEventFlags . . . . . . . . .	 0000000C	 DWord
RCC  . . . . . . . . . . . . . .	 00000003
  Row  . . . . . . . . . . . . .	 00000000	 Byte
  Col  . . . . . . . . . . . . .	 00000001	 Byte
  Char . . . . . . . . . . . . .	 00000002	 Byte
SMALL_RECT . . . . . . . . . . .	 00000008
  Left . . . . . . . . . . . . .	 00000000	 Word
  Top  . . . . . . . . . . . . .	 00000002	 Word
  Right  . . . . . . . . . . . .	 00000004	 Word
  Bottom . . . . . . . . . . . .	 00000006	 Word
SYSTEMTIME . . . . . . . . . . .	 00000010
  wYear  . . . . . . . . . . . .	 00000000	 Word
  wMonth . . . . . . . . . . . .	 00000002	 Word
  wDayOfWeek . . . . . . . . . .	 00000004	 Word
  wDay . . . . . . . . . . . . .	 00000006	 Word
  wHour  . . . . . . . . . . . .	 00000008	 Word
  wMinute  . . . . . . . . . . .	 0000000A	 Word
  wSecond  . . . . . . . . . . .	 0000000C	 Word
  wMilliseconds  . . . . . . . .	 0000000E	 Word
WINDOW_BUFFER_SIZE_RECORD  . . .	 00000004
  dwSize . . . . . . . . . . . .	 00000000	 DWord


Segments and Groups:

                N a m e                 Size     Length   Align   Combine Class

FLAT . . . . . . . . . . . . . .	GROUP
STACK  . . . . . . . . . . . . .	32 Bit	 00001000 Para	  Stack	  'STACK'	 
_DATA  . . . . . . . . . . . . .	32 Bit	 00000271 Para	  Public  'DATA'	
_TEXT  . . . . . . . . . . . . .	32 Bit	 00000337 Para	  Public  'CODE'	


Procedures, parameters, and locals:

                N a m e                 Type     Value    Attr

CloseFile  . . . . . . . . . . .	P Near	 00000000 FLAT	Length= 00000000 External STDCALL
CloseHandle  . . . . . . . . . .	P Near	 00000000 FLAT	Length= 00000000 External STDCALL
Clrscr . . . . . . . . . . . . .	P Near	 00000000 FLAT	Length= 00000000 External STDCALL
CreateFileA  . . . . . . . . . .	P Near	 00000000 FLAT	Length= 00000000 External STDCALL
CreateOutputFile . . . . . . . .	P Near	 00000000 FLAT	Length= 00000000 External STDCALL
Crlf . . . . . . . . . . . . . .	P Near	 00000000 FLAT	Length= 00000000 External STDCALL
Delay  . . . . . . . . . . . . .	P Near	 00000000 FLAT	Length= 00000000 External STDCALL
DumpMem  . . . . . . . . . . . .	P Near	 00000000 FLAT	Length= 00000000 External STDCALL
DumpRegs . . . . . . . . . . . .	P Near	 00000000 FLAT	Length= 00000000 External STDCALL
ExitProcess  . . . . . . . . . .	P Near	 00000000 FLAT	Length= 00000000 External STDCALL
FileTimeToDosDateTime  . . . . .	P Near	 00000000 FLAT	Length= 00000000 External STDCALL
FileTimeToSystemTime . . . . . .	P Near	 00000000 FLAT	Length= 00000000 External STDCALL
FlushConsoleInputBuffer  . . . .	P Near	 00000000 FLAT	Length= 00000000 External STDCALL
FormatMessageA . . . . . . . . .	P Near	 00000000 FLAT	Length= 00000000 External STDCALL
GetCommandLineA  . . . . . . . .	P Near	 00000000 FLAT	Length= 00000000 External STDCALL
GetCommandTail . . . . . . . . .	P Near	 00000000 FLAT	Length= 00000000 External STDCALL
GetConsoleCP . . . . . . . . . .	P Near	 00000000 FLAT	Length= 00000000 External STDCALL
GetConsoleCursorInfo . . . . . .	P Near	 00000000 FLAT	Length= 00000000 External STDCALL
GetConsoleMode . . . . . . . . .	P Near	 00000000 FLAT	Length= 00000000 External STDCALL
GetConsoleScreenBufferInfo . . .	P Near	 00000000 FLAT	Length= 00000000 External STDCALL
GetDateTime  . . . . . . . . . .	P Near	 00000000 FLAT	Length= 00000000 External STDCALL
GetFileTime  . . . . . . . . . .	P Near	 00000000 FLAT	Length= 00000000 External STDCALL
GetKeyState  . . . . . . . . . .	P Near	 00000000 FLAT	Length= 00000000 External STDCALL
GetLastError . . . . . . . . . .	P Near	 00000000 FLAT	Length= 00000000 External STDCALL
GetLocalTime . . . . . . . . . .	P Near	 00000000 FLAT	Length= 00000000 External STDCALL
GetMaxXY . . . . . . . . . . . .	P Near	 00000000 FLAT	Length= 00000000 External STDCALL
GetMseconds  . . . . . . . . . .	P Near	 00000000 FLAT	Length= 00000000 External STDCALL
GetNumberOfConsoleInputEvents  .	P Near	 00000000 FLAT	Length= 00000000 External STDCALL
GetProcessHeap . . . . . . . . .	P Near	 00000000 FLAT	Length= 00000000 External STDCALL
GetStdHandle . . . . . . . . . .	P Near	 00000000 FLAT	Length= 00000000 External STDCALL
GetSystemTime  . . . . . . . . .	P Near	 00000000 FLAT	Length= 00000000 External STDCALL
GetTextColor . . . . . . . . . .	P Near	 00000000 FLAT	Length= 00000000 External STDCALL
GetTickCount . . . . . . . . . .	P Near	 00000000 FLAT	Length= 00000000 External STDCALL
Gotoxy . . . . . . . . . . . . .	P Near	 00000000 FLAT	Length= 00000000 External STDCALL
HeapAlloc  . . . . . . . . . . .	P Near	 00000000 FLAT	Length= 00000000 External STDCALL
HeapCreate . . . . . . . . . . .	P Near	 00000000 FLAT	Length= 00000000 External STDCALL
HeapDestroy  . . . . . . . . . .	P Near	 00000000 FLAT	Length= 00000000 External STDCALL
HeapFree . . . . . . . . . . . .	P Near	 00000000 FLAT	Length= 00000000 External STDCALL
HeapSize . . . . . . . . . . . .	P Near	 00000000 FLAT	Length= 00000000 External STDCALL
IsDigit  . . . . . . . . . . . .	P Near	 00000000 FLAT	Length= 00000000 External STDCALL
LocalFree  . . . . . . . . . . .	P Near	 00000000 FLAT	Length= 00000000 External STDCALL
MessageBoxA  . . . . . . . . . .	P Near	 00000000 FLAT	Length= 00000000 External STDCALL
MsgBoxAsk  . . . . . . . . . . .	P Near	 00000000 FLAT	Length= 00000000 External STDCALL
MsgBox . . . . . . . . . . . . .	P Near	 00000000 FLAT	Length= 00000000 External STDCALL
OpenInputFile  . . . . . . . . .	P Near	 00000000 FLAT	Length= 00000000 External STDCALL
ParseDecimal32 . . . . . . . . .	P Near	 00000000 FLAT	Length= 00000000 External STDCALL
ParseInteger32 . . . . . . . . .	P Near	 00000000 FLAT	Length= 00000000 External STDCALL
PeekConsoleInputA  . . . . . . .	P Near	 00000000 FLAT	Length= 00000000 External STDCALL
Random32 . . . . . . . . . . . .	P Near	 00000000 FLAT	Length= 00000000 External STDCALL
RandomRange  . . . . . . . . . .	P Near	 00000000 FLAT	Length= 00000000 External STDCALL
Randomize  . . . . . . . . . . .	P Near	 00000000 FLAT	Length= 00000000 External STDCALL
ReadChar . . . . . . . . . . . .	P Near	 00000000 FLAT	Length= 00000000 External STDCALL
ReadConsoleA . . . . . . . . . .	P Near	 00000000 FLAT	Length= 00000000 External STDCALL
ReadConsoleInputA  . . . . . . .	P Near	 00000000 FLAT	Length= 00000000 External STDCALL
ReadDec  . . . . . . . . . . . .	P Near	 00000000 FLAT	Length= 00000000 External STDCALL
ReadFile . . . . . . . . . . . .	P Near	 00000000 FLAT	Length= 00000000 External STDCALL
ReadFloat  . . . . . . . . . . .	P Near	 00000000 FLAT	Length= 00000000 External STDCALL
ReadFromFile . . . . . . . . . .	P Near	 00000000 FLAT	Length= 00000000 External STDCALL
ReadHex  . . . . . . . . . . . .	P Near	 00000000 FLAT	Length= 00000000 External STDCALL
ReadInt  . . . . . . . . . . . .	P Near	 00000000 FLAT	Length= 00000000 External STDCALL
ReadKeyFlush . . . . . . . . . .	P Near	 00000000 FLAT	Length= 00000000 External STDCALL
ReadKey  . . . . . . . . . . . .	P Near	 00000000 FLAT	Length= 00000000 External STDCALL
ReadString . . . . . . . . . . .	P Near	 00000000 FLAT	Length= 00000000 External STDCALL
SetConsoleCursorInfo . . . . . .	P Near	 00000000 FLAT	Length= 00000000 External STDCALL
SetConsoleCursorPosition . . . .	P Near	 00000000 FLAT	Length= 00000000 External STDCALL
SetConsoleMode . . . . . . . . .	P Near	 00000000 FLAT	Length= 00000000 External STDCALL
SetConsoleScreenBufferSize . . .	P Near	 00000000 FLAT	Length= 00000000 External STDCALL
SetConsoleTextAttribute  . . . .	P Near	 00000000 FLAT	Length= 00000000 External STDCALL
SetConsoleTitleA . . . . . . . .	P Near	 00000000 FLAT	Length= 00000000 External STDCALL
SetConsoleWindowInfo . . . . . .	P Near	 00000000 FLAT	Length= 00000000 External STDCALL
SetFilePointer . . . . . . . . .	P Near	 00000000 FLAT	Length= 00000000 External STDCALL
SetLocalTime . . . . . . . . . .	P Near	 00000000 FLAT	Length= 00000000 External STDCALL
SetTextColor . . . . . . . . . .	P Near	 00000000 FLAT	Length= 00000000 External STDCALL
ShowFPUStack . . . . . . . . . .	P Near	 00000000 FLAT	Length= 00000000 External STDCALL
Sleep  . . . . . . . . . . . . .	P Near	 00000000 FLAT	Length= 00000000 External STDCALL
StrLength  . . . . . . . . . . .	P Near	 00000000 FLAT	Length= 00000000 External STDCALL
Str_compare  . . . . . . . . . .	P Near	 00000000 FLAT	Length= 00000000 External STDCALL
Str_copy . . . . . . . . . . . .	P Near	 00000000 FLAT	Length= 00000000 External STDCALL
Str_length . . . . . . . . . . .	P Near	 00000000 FLAT	Length= 00000000 External STDCALL
Str_trim . . . . . . . . . . . .	P Near	 00000000 FLAT	Length= 00000000 External STDCALL
Str_ucase  . . . . . . . . . . .	P Near	 00000000 FLAT	Length= 00000000 External STDCALL
SystemTimeToFileTime . . . . . .	P Near	 00000000 FLAT	Length= 00000000 External STDCALL
WaitMsg  . . . . . . . . . . . .	P Near	 00000000 FLAT	Length= 00000000 External STDCALL
WriteBinB  . . . . . . . . . . .	P Near	 00000000 FLAT	Length= 00000000 External STDCALL
WriteBin . . . . . . . . . . . .	P Near	 00000000 FLAT	Length= 00000000 External STDCALL
WriteChar  . . . . . . . . . . .	P Near	 00000000 FLAT	Length= 00000000 External STDCALL
WriteConsoleA  . . . . . . . . .	P Near	 00000000 FLAT	Length= 00000000 External STDCALL
WriteConsoleOutputAttribute  . .	P Near	 00000000 FLAT	Length= 00000000 External STDCALL
WriteConsoleOutputCharacterA . .	P Near	 00000000 FLAT	Length= 00000000 External STDCALL
WriteDec . . . . . . . . . . . .	P Near	 00000000 FLAT	Length= 00000000 External STDCALL
WriteFile  . . . . . . . . . . .	P Near	 00000000 FLAT	Length= 00000000 External STDCALL
WriteFloat . . . . . . . . . . .	P Near	 00000000 FLAT	Length= 00000000 External STDCALL
WriteHexB  . . . . . . . . . . .	P Near	 00000000 FLAT	Length= 00000000 External STDCALL
WriteHex . . . . . . . . . . . .	P Near	 00000000 FLAT	Length= 00000000 External STDCALL
WriteInt . . . . . . . . . . . .	P Near	 00000000 FLAT	Length= 00000000 External STDCALL
WriteStackFrameName  . . . . . .	P Near	 00000000 FLAT	Length= 00000000 External STDCALL
WriteStackFrame  . . . . . . . .	P Near	 00000000 FLAT	Length= 00000000 External STDCALL
WriteString  . . . . . . . . . .	P Near	 00000000 FLAT	Length= 00000000 External STDCALL
WriteToFile  . . . . . . . . . .	P Near	 00000000 FLAT	Length= 00000000 External STDCALL
WriteWindowsMsg  . . . . . . . .	P Near	 00000000 FLAT	Length= 00000000 External STDCALL
drawSnake  . . . . . . . . . . .	P Near	 00000307 _TEXT	Length= 00000030 Public STDCALL
  TOP  . . . . . . . . . . . . .	L Near	 00000314 _TEXT	
growSnake  . . . . . . . . . . .	P Near	 0000011E _TEXT	Length= 0000004C Public STDCALL
main . . . . . . . . . . . . . .	P Near	 00000000 _TEXT	Length= 0000011E Public STDCALL
  TOP  . . . . . . . . . . . . .	L Near	 00000005 _TEXT	
  pressEvent . . . . . . . . . .	L Near	 0000000E _TEXT	
  L1 . . . . . . . . . . . . . .	L Near	 00000013 _TEXT	
  L2 . . . . . . . . . . . . . .	L Near	 0000002F _TEXT	
  L3 . . . . . . . . . . . . . .	L Near	 0000004B _TEXT	
  L4 . . . . . . . . . . . . . .	L Near	 00000067 _TEXT	
  L5 . . . . . . . . . . . . . .	L Near	 00000083 _TEXT	
  NOLESS . . . . . . . . . . . .	L Near	 0000009E _TEXT	
  L6 . . . . . . . . . . . . . .	L Near	 000000AA _TEXT	
  NOMORE . . . . . . . . . . . .	L Near	 000000C8 _TEXT	
  L7 . . . . . . . . . . . . . .	L Near	 000000D4 _TEXT	
  L8 . . . . . . . . . . . . . .	L Near	 000000FD _TEXT	
  L9 . . . . . . . . . . . . . .	L Near	 00000108 _TEXT	
  QUIT . . . . . . . . . . . . .	L Near	 00000117 _TEXT	
moveSnakeDown  . . . . . . . . .	P Near	 00000244 _TEXT	Length= 00000066 Public STDCALL
  TOP  . . . . . . . . . . . . .	L Near	 0000028B _TEXT	
  TURN . . . . . . . . . . . . .	L Near	 0000029E _TEXT	
  NOTURN . . . . . . . . . . . .	L Near	 000002A3 _TEXT	
moveSnakeLeft  . . . . . . . . .	P Near	 000001DE _TEXT	Length= 00000066 Public STDCALL
  TOP  . . . . . . . . . . . . .	L Near	 00000225 _TEXT	
  TURN . . . . . . . . . . . . .	L Near	 00000238 _TEXT	
  NOTURN . . . . . . . . . . . .	L Near	 0000023D _TEXT	
moveSnakeRight . . . . . . . . .	P Near	 000002AA _TEXT	Length= 0000005D Public STDCALL
  TOP  . . . . . . . . . . . . .	L Near	 000002E8 _TEXT	
  TURN . . . . . . . . . . . . .	L Near	 000002FB _TEXT	
  NOTURN . . . . . . . . . . . .	L Near	 00000300 _TEXT	
moveSnakeUp  . . . . . . . . . .	P Near	 00000178 _TEXT	Length= 00000066 Public STDCALL
  TOP  . . . . . . . . . . . . .	L Near	 000001BF _TEXT	
  TURN . . . . . . . . . . . . .	L Near	 000001D2 _TEXT	
  NOTURN . . . . . . . . . . . .	L Near	 000001D7 _TEXT	
printf . . . . . . . . . . . . .	P Near	 00000000 FLAT	Length= 00000000 External C
processKey . . . . . . . . . . .	P Near	 0000016A _TEXT	Length= 0000000E Public STDCALL
scanf  . . . . . . . . . . . . .	P Near	 00000000 FLAT	Length= 00000000 External C
wsprintfA  . . . . . . . . . . .	P Near	 00000000 FLAT	Length= 00000000 External C


Symbols:

                N a m e                 Type     Value    Attr

@CodeSize  . . . . . . . . . . .	Number	 00000000h   
@DataSize  . . . . . . . . . . .	Number	 00000000h   
@Interface . . . . . . . . . . .	Number	 00000003h   
@Model . . . . . . . . . . . . .	Number	 00000007h   
@code  . . . . . . . . . . . . .	Text   	 _TEXT
@data  . . . . . . . . . . . . .	Text   	 FLAT
@fardata?  . . . . . . . . . . .	Text   	 FLAT
@fardata . . . . . . . . . . . .	Text   	 FLAT
@stack . . . . . . . . . . . . .	Text   	 FLAT
ALT_MASK . . . . . . . . . . . .	Number	 00000003h   
CAPSLOCK_ON  . . . . . . . . . .	Number	 00000080h   
CREATE_ALWAYS  . . . . . . . . .	Number	 00000002h   
CREATE_NEW . . . . . . . . . . .	Number	 00000001h   
CTRL_MASK  . . . . . . . . . . .	Number	 0000000Ch   
CreateFile . . . . . . . . . . .	Text   	 CreateFileA
DO_NOT_SHARE . . . . . . . . . .	Number	 00000000h   
ENABLE_ECHO_INPUT  . . . . . . .	Number	 00000004h   
ENABLE_LINE_INPUT  . . . . . . .	Number	 00000002h   
ENABLE_MOUSE_INPUT . . . . . . .	Number	 00000010h   
ENABLE_PROCESSED_INPUT . . . . .	Number	 00000001h   
ENABLE_PROCESSED_OUTPUT  . . . .	Number	 00000001h   
ENABLE_WINDOW_INPUT  . . . . . .	Number	 00000008h   
ENABLE_WRAP_AT_EOL_OUTPUT  . . .	Number	 00000002h   
ENHANCED_KEY . . . . . . . . . .	Number	 00000100h   
FALSE  . . . . . . . . . . . . .	Number	 00000000h   
FILE_APPEND_DATA . . . . . . . .	Number	 00000004h   
FILE_ATTRIBUTE_ARCHIVE . . . . .	Number	 00000020h   
FILE_ATTRIBUTE_COMPRESSED  . . .	Number	 00000800h   
FILE_ATTRIBUTE_DEVICE  . . . . .	Number	 00000040h   
FILE_ATTRIBUTE_DIRECTORY . . . .	Number	 00000010h   
FILE_ATTRIBUTE_ENCRYPTED . . . .	Number	 00004000h   
FILE_ATTRIBUTE_HIDDEN  . . . . .	Number	 00000002h   
FILE_ATTRIBUTE_NORMAL  . . . . .	Number	 00000080h   
FILE_ATTRIBUTE_NOT_CONTENT_INDEXED .	Number	 00002000h   
FILE_ATTRIBUTE_OFFLINE . . . . .	Number	 00001000h   
FILE_ATTRIBUTE_READONLY  . . . .	Number	 00000001h   
FILE_ATTRIBUTE_REPARSE_POINT . .	Number	 00000400h   
FILE_ATTRIBUTE_SPARSE_FILE . . .	Number	 00000200h   
FILE_ATTRIBUTE_SYSTEM  . . . . .	Number	 00000004h   
FILE_ATTRIBUTE_TEMPORARY . . . .	Number	 00000100h   
FILE_BEGIN . . . . . . . . . . .	Number	 00000000h   
FILE_CURRENT . . . . . . . . . .	Number	 00000001h   
FILE_DELETE_CHILD  . . . . . . .	Number	 00000040h   
FILE_END . . . . . . . . . . . .	Number	 00000002h   
FILE_READ_DATA . . . . . . . . .	Number	 00000001h   
FILE_SHARE_DELETE  . . . . . . .	Number	 00000004h   
FILE_SHARE_READ  . . . . . . . .	Number	 00000001h   
FILE_SHARE_WRITE . . . . . . . .	Number	 00000002h   
FILE_WRITE_DATA  . . . . . . . .	Number	 00000002h   
FOCUS_EVENT  . . . . . . . . . .	Number	 00000010h   
FORMAT_MESSAGE_ALLOCATE_BUFFER .	Number	 00000100h   
FORMAT_MESSAGE_FROM_SYSTEM . . .	Number	 00001000h   
FormatMessage  . . . . . . . . .	Text   	 FormatMessageA
GENERIC_ALL  . . . . . . . . . .	Number	 10000000h   
GENERIC_EXECUTE  . . . . . . . .	Number	 20000000h   
GENERIC_READ . . . . . . . . . .	Number	 -80000000h   
GENERIC_WRITE  . . . . . . . . .	Number	 40000000h   
GetCommandLine . . . . . . . . .	Text   	 GetCommandLineA
HANDLE . . . . . . . . . . . . .	Text   	 DWORD
HEAP_GENERATE_EXCEPTIONS . . . .	Number	 00000004h   
HEAP_GROWABLE  . . . . . . . . .	Number	 00000002h   
HEAP_NO_SERIALIZE  . . . . . . .	Number	 00000001h   
HEAP_REALLOC_IN_PLACE_ONLY . . .	Number	 00000010h   
HEAP_ZERO_MEMORY . . . . . . . .	Number	 00000008h   
IDABORT  . . . . . . . . . . . .	Number	 00000003h   
IDCANCEL . . . . . . . . . . . .	Number	 00000002h   
IDCLOSE  . . . . . . . . . . . .	Number	 00000008h   
IDCONTINUE . . . . . . . . . . .	Number	 0000000Bh   
IDHELP . . . . . . . . . . . . .	Number	 00000009h   
IDIGNORE . . . . . . . . . . . .	Number	 00000005h   
IDNO . . . . . . . . . . . . . .	Number	 00000007h   
IDOK . . . . . . . . . . . . . .	Number	 00000001h   
IDRETRY  . . . . . . . . . . . .	Number	 00000004h   
IDTIMEOUT  . . . . . . . . . . .	Number	 00007D00h   
IDTRYAGAIN . . . . . . . . . . .	Number	 0000000Ah   
IDYES  . . . . . . . . . . . . .	Number	 00000006h   
INVALID_HANDLE_VALUE . . . . . .	Number	 -00000001h   
KBDOWN_FLAG  . . . . . . . . . .	Number	 00000001h   
KEY_EVENT  . . . . . . . . . . .	Number	 00000001h   
KEY_MASKS  . . . . . . . . . . .	Number	 0000001Fh   
LEFT_ALT_PRESSED . . . . . . . .	Number	 00000002h   
LEFT_CTRL_PRESSED  . . . . . . .	Number	 00000008h   
MB_ABORTRETRYIGNORE  . . . . . .	Number	 00000002h   
MB_APPLMODAL . . . . . . . . . .	Number	 00000000h   
MB_CANCELTRYCONTINUE . . . . . .	Number	 00000006h   
MB_DEFBUTTON1  . . . . . . . . .	Number	 00000000h   
MB_DEFBUTTON2  . . . . . . . . .	Number	 00000100h   
MB_DEFBUTTON3  . . . . . . . . .	Number	 00000200h   
MB_DEFBUTTON4  . . . . . . . . .	Number	 00000300h   
MB_HELP  . . . . . . . . . . . .	Number	 00004000h   
MB_ICONASTERISK  . . . . . . . .	Number	 00000040h   
MB_ICONERROR . . . . . . . . . .	Number	 00000010h   
MB_ICONEXCLAMATION . . . . . . .	Number	 00000030h   
MB_ICONHAND  . . . . . . . . . .	Number	 00000010h   
MB_ICONINFORMATION . . . . . . .	Number	 00000040h   
MB_ICONQUESTION  . . . . . . . .	Number	 00000020h   
MB_ICONSTOP  . . . . . . . . . .	Number	 00000010h   
MB_ICONWARNING . . . . . . . . .	Number	 00000030h   
MB_OKCANCEL  . . . . . . . . . .	Number	 00000001h   
MB_OK  . . . . . . . . . . . . .	Number	 00000000h   
MB_RETRYCANCEL . . . . . . . . .	Number	 00000005h   
MB_SYSTEMMODAL . . . . . . . . .	Number	 00001000h   
MB_TASKMODAL . . . . . . . . . .	Number	 00002000h   
MB_USERICON  . . . . . . . . . .	Number	 00000080h   
MB_YESNOCANCEL . . . . . . . . .	Number	 00000003h   
MB_YESNO . . . . . . . . . . . .	Number	 00000004h   
MENU_EVENT . . . . . . . . . . .	Number	 00000008h   
MOUSE_EVENT  . . . . . . . . . .	Number	 00000002h   
MessageBox . . . . . . . . . . .	Text   	 MessageBoxA
NULL . . . . . . . . . . . . . .	Number	 00000000h   
NUMLOCK_ON . . . . . . . . . . .	Number	 00000020h   
OPEN_ALWAYS  . . . . . . . . . .	Number	 00000004h   
OPEN_EXISTING  . . . . . . . . .	Number	 00000003h   
PeekConsoleInput . . . . . . . .	Text   	 PeekConsoleInputA
RIGHT_ALT_PRESSED  . . . . . . .	Number	 00000001h   
RIGHT_CTRL_PRESSED . . . . . . .	Number	 00000004h   
ReadConsoleInput . . . . . . . .	Text   	 ReadConsoleInputA
ReadConsole  . . . . . . . . . .	Text   	 ReadConsoleA
SCROLLLOCK_ON  . . . . . . . . .	Number	 00000040h   
SHIFT_MASK . . . . . . . . . . .	Number	 00000010h   
SHIFT_PRESSED  . . . . . . . . .	Number	 00000010h   
STD_ERROR_HANDLE . . . . . . . .	Number	 -0000000Ch   
STD_INPUT_HANDLE . . . . . . . .	Number	 -0000000Ah   
STD_OUTPUT_HANDLE  . . . . . . .	Number	 -0000000Bh   
SetConsoleTitle  . . . . . . . .	Text   	 SetConsoleTitleA
TAB  . . . . . . . . . . . . . .	Number	 00000009h   
TRUE . . . . . . . . . . . . . .	Number	 00000001h   
TRUNCATE_EXISTING  . . . . . . .	Number	 00000005h   
VK_11  . . . . . . . . . . . . .	Number	 000000BDh   
VK_12  . . . . . . . . . . . . .	Number	 000000BBh   
VK_ADD . . . . . . . . . . . . .	Number	 0000006Bh   
VK_BACK  . . . . . . . . . . . .	Number	 00000008h   
VK_CANCEL  . . . . . . . . . . .	Number	 00000003h   
VK_CAPITAL . . . . . . . . . . .	Number	 00000014h   
VK_CLEAR . . . . . . . . . . . .	Number	 0000000Ch   
VK_CONTROL . . . . . . . . . . .	Number	 00000011h   
VK_DECIMAL . . . . . . . . . . .	Number	 0000006Eh   
VK_DELETE  . . . . . . . . . . .	Number	 0000002Eh   
VK_DIVIDE  . . . . . . . . . . .	Number	 0000006Fh   
VK_DOWN  . . . . . . . . . . . .	Number	 00000028h   
VK_END . . . . . . . . . . . . .	Number	 00000023h   
VK_ESCAPE  . . . . . . . . . . .	Number	 0000001Bh   
VK_EXECUTE . . . . . . . . . . .	Number	 0000002Bh   
VK_F10 . . . . . . . . . . . . .	Number	 00000079h   
VK_F11 . . . . . . . . . . . . .	Number	 0000007Ah   
VK_F12 . . . . . . . . . . . . .	Number	 0000007Bh   
VK_F13 . . . . . . . . . . . . .	Number	 0000007Ch   
VK_F14 . . . . . . . . . . . . .	Number	 0000007Dh   
VK_F15 . . . . . . . . . . . . .	Number	 0000007Eh   
VK_F16 . . . . . . . . . . . . .	Number	 0000007Fh   
VK_F17 . . . . . . . . . . . . .	Number	 00000080h   
VK_F18 . . . . . . . . . . . . .	Number	 00000081h   
VK_F19 . . . . . . . . . . . . .	Number	 00000082h   
VK_F1  . . . . . . . . . . . . .	Number	 00000070h   
VK_F20 . . . . . . . . . . . . .	Number	 00000083h   
VK_F21 . . . . . . . . . . . . .	Number	 00000084h   
VK_F22 . . . . . . . . . . . . .	Number	 00000085h   
VK_F23 . . . . . . . . . . . . .	Number	 00000086h   
VK_F24 . . . . . . . . . . . . .	Number	 00000087h   
VK_F2  . . . . . . . . . . . . .	Number	 00000071h   
VK_F3  . . . . . . . . . . . . .	Number	 00000072h   
VK_F4  . . . . . . . . . . . . .	Number	 00000073h   
VK_F5  . . . . . . . . . . . . .	Number	 00000074h   
VK_F6  . . . . . . . . . . . . .	Number	 00000075h   
VK_F7  . . . . . . . . . . . . .	Number	 00000076h   
VK_F8  . . . . . . . . . . . . .	Number	 00000077h   
VK_F9  . . . . . . . . . . . . .	Number	 00000078h   
VK_HELP  . . . . . . . . . . . .	Number	 0000002Fh   
VK_HOME  . . . . . . . . . . . .	Number	 00000024h   
VK_INSERT  . . . . . . . . . . .	Number	 0000002Dh   
VK_LBUTTON . . . . . . . . . . .	Number	 00000001h   
VK_LCONTROL  . . . . . . . . . .	Number	 000000A2h   
VK_LEFT  . . . . . . . . . . . .	Number	 00000025h   
VK_LMENU . . . . . . . . . . . .	Number	 000000A4h   
VK_LSHIFT  . . . . . . . . . . .	Number	 000000A0h   
VK_MENU  . . . . . . . . . . . .	Number	 00000012h   
VK_MULTIPLY  . . . . . . . . . .	Number	 0000006Ah   
VK_NEXT  . . . . . . . . . . . .	Number	 00000022h   
VK_NUMLOCK . . . . . . . . . . .	Number	 00000090h   
VK_NUMPAD0 . . . . . . . . . . .	Number	 00000060h   
VK_NUMPAD1 . . . . . . . . . . .	Number	 00000061h   
VK_NUMPAD2 . . . . . . . . . . .	Number	 00000062h   
VK_NUMPAD3 . . . . . . . . . . .	Number	 00000063h   
VK_NUMPAD4 . . . . . . . . . . .	Number	 00000064h   
VK_NUMPAD5 . . . . . . . . . . .	Number	 00000065h   
VK_NUMPAD6 . . . . . . . . . . .	Number	 00000066h   
VK_NUMPAD7 . . . . . . . . . . .	Number	 00000067h   
VK_NUMPAD8 . . . . . . . . . . .	Number	 00000068h   
VK_NUMPAD9 . . . . . . . . . . .	Number	 00000069h   
VK_PAUSE . . . . . . . . . . . .	Number	 00000013h   
VK_PRINT . . . . . . . . . . . .	Number	 0000002Ah   
VK_PRIOR . . . . . . . . . . . .	Number	 00000021h   
VK_RBUTTON . . . . . . . . . . .	Number	 00000002h   
VK_RCONTROL  . . . . . . . . . .	Number	 000000A3h   
VK_RETURN  . . . . . . . . . . .	Number	 0000000Dh   
VK_RIGHT . . . . . . . . . . . .	Number	 00000027h   
VK_RMENU . . . . . . . . . . . .	Number	 000000A5h   
VK_RSHIFT  . . . . . . . . . . .	Number	 000000A1h   
VK_SCROLL  . . . . . . . . . . .	Number	 00000091h   
VK_SEPARATER . . . . . . . . . .	Number	 0000006Ch   
VK_SHIFT . . . . . . . . . . . .	Number	 00000010h   
VK_SNAPSHOT  . . . . . . . . . .	Number	 0000002Ch   
VK_SPACE . . . . . . . . . . . .	Number	 00000020h   
VK_SUBTRACT  . . . . . . . . . .	Number	 0000006Dh   
VK_TAB . . . . . . . . . . . . .	Number	 00000009h   
VK_UP  . . . . . . . . . . . . .	Number	 00000026h   
WINDOW_BUFFER_SIZE_EVENT . . . .	Number	 00000004h   
WriteConsoleOutputCharacter  . .	Text   	 WriteConsoleOutputCharacterA
WriteConsole . . . . . . . . . .	Text   	 WriteConsoleA
black  . . . . . . . . . . . . .	Number	 00000000h   
blue . . . . . . . . . . . . . .	Number	 00000001h   
brown  . . . . . . . . . . . . .	Number	 00000006h   
currSize . . . . . . . . . . . .	Byte	 0000026A _DATA	
cyan . . . . . . . . . . . . . .	Number	 00000003h   
exit . . . . . . . . . . . . . .	Text   	 INVOKE ExitProcess,0
gray . . . . . . . . . . . . . .	Number	 00000008h   
green  . . . . . . . . . . . . .	Number	 00000002h   
keyPress . . . . . . . . . . . .	Word	 0000026F _DATA	
lightBlue  . . . . . . . . . . .	Number	 00000009h   
lightCyan  . . . . . . . . . . .	Number	 0000000Bh   
lightGray  . . . . . . . . . . .	Number	 00000007h   
lightGreen . . . . . . . . . . .	Number	 0000000Ah   
lightMagenta . . . . . . . . . .	Number	 0000000Dh   
lightRed . . . . . . . . . . . .	Number	 0000000Ch   
magenta  . . . . . . . . . . . .	Number	 00000005h   
red  . . . . . . . . . . . . . .	Number	 00000004h   
snake  . . . . . . . . . . . . .	RCC	 00000000 _DATA	
time . . . . . . . . . . . . . .	DWord	 0000026B _DATA	
white  . . . . . . . . . . . . .	Number	 0000000Fh   
wsprintf . . . . . . . . . . . .	Text   	 wsprintfA
yellow . . . . . . . . . . . . .	Number	 0000000Eh   

	   0 Warnings
	   0 Errors
